<?xml version="1.0" encoding="ISO-8859-1" ?>
<link_info>
   <banner>TI ARM Linker Unix v20.2.0.LTS</banner>
   <copyright>Copyright (c) 1996-2018 Texas Instruments Incorporated</copyright>
   <link_time>0x5e9f5ff4</link_time>
   <link_errors>0x0</link_errors>
   <output_file>ethernet.out</output_file>
   <entry_point>
      <name>_c_int00_noargs</name>
      <address>0x437d</address>
   </entry_point>
   <input_file_list>
      <input_file id="fl-1">
         <path>./</path>
         <kind>object</kind>
         <file>eeprom.obj</file>
         <name>eeprom.obj</name>
      </input_file>
      <input_file id="fl-2">
         <path>./</path>
         <kind>object</kind>
         <file>eth0.obj</file>
         <name>eth0.obj</name>
      </input_file>
      <input_file id="fl-3">
         <path>./</path>
         <kind>object</kind>
         <file>ethernet.obj</file>
         <name>ethernet.obj</name>
      </input_file>
      <input_file id="fl-4">
         <path>./</path>
         <kind>object</kind>
         <file>gpio.obj</file>
         <name>gpio.obj</name>
      </input_file>
      <input_file id="fl-5">
         <path>./</path>
         <kind>object</kind>
         <file>spi0.obj</file>
         <name>spi0.obj</name>
      </input_file>
      <input_file id="fl-6">
         <path>./</path>
         <kind>object</kind>
         <file>str.obj</file>
         <name>str.obj</name>
      </input_file>
      <input_file id="fl-7">
         <path>./</path>
         <kind>object</kind>
         <file>tm4c123gh6pm_startup_ccs.obj</file>
         <name>tm4c123gh6pm_startup_ccs.obj</name>
      </input_file>
      <input_file id="fl-8">
         <path>./</path>
         <kind>object</kind>
         <file>uart0.obj</file>
         <name>uart0.obj</name>
      </input_file>
      <input_file id="fl-9">
         <path>./</path>
         <kind>object</kind>
         <file>wait.obj</file>
         <name>wait.obj</name>
      </input_file>
      <input_file id="fl-d">
         <kind>object</kind>
         <file>&lt;internal&gt;</file>
         <name>&lt;internal&gt;</name>
      </input_file>
      <input_file id="fl-c3">
         <path>/Applications/ti/ccs1000/ccs/tools/compiler/ti-cgt-arm_20.2.0.LTS/lib/</path>
         <kind>archive</kind>
         <file>rtsv7M4_T_le_v4SPD16_eabi.lib</file>
         <name>memcpy_t2.asm.obj</name>
      </input_file>
      <input_file id="fl-c4">
         <path>/Applications/ti/ccs1000/ccs/tools/compiler/ti-cgt-arm_20.2.0.LTS/lib/</path>
         <kind>archive</kind>
         <file>rtsv7M4_T_le_v4SPD16_eabi.lib</file>
         <name>memset_t2.asm.obj</name>
      </input_file>
      <input_file id="fl-c5">
         <path>/Applications/ti/ccs1000/ccs/tools/compiler/ti-cgt-arm_20.2.0.LTS/lib/</path>
         <kind>archive</kind>
         <file>rtsv7M4_T_le_v4SPD16_eabi.lib</file>
         <name>copy_zero_init.c.obj</name>
      </input_file>
      <input_file id="fl-c6">
         <path>/Applications/ti/ccs1000/ccs/tools/compiler/ti-cgt-arm_20.2.0.LTS/lib/</path>
         <kind>archive</kind>
         <file>rtsv7M4_T_le_v4SPD16_eabi.lib</file>
         <name>copy_decompress_none.c.obj</name>
      </input_file>
      <input_file id="fl-c7">
         <path>/Applications/ti/ccs1000/ccs/tools/compiler/ti-cgt-arm_20.2.0.LTS/lib/</path>
         <kind>archive</kind>
         <file>rtsv7M4_T_le_v4SPD16_eabi.lib</file>
         <name>copy_decompress_lzss.c.obj</name>
      </input_file>
      <input_file id="fl-c8">
         <path>/Applications/ti/ccs1000/ccs/tools/compiler/ti-cgt-arm_20.2.0.LTS/lib/</path>
         <kind>archive</kind>
         <file>rtsv7M4_T_le_v4SPD16_eabi.lib</file>
         <name>boot_cortex_m.c.obj</name>
      </input_file>
      <input_file id="fl-c9">
         <path>/Applications/ti/ccs1000/ccs/tools/compiler/ti-cgt-arm_20.2.0.LTS/lib/</path>
         <kind>archive</kind>
         <file>rtsv7M4_T_le_v4SPD16_eabi.lib</file>
         <name>autoinit.c.obj</name>
      </input_file>
      <input_file id="fl-ca">
         <path>/Applications/ti/ccs1000/ccs/tools/compiler/ti-cgt-arm_20.2.0.LTS/lib/</path>
         <kind>archive</kind>
         <file>rtsv7M4_T_le_v4SPD16_eabi.lib</file>
         <name>pre_init.c.obj</name>
      </input_file>
      <input_file id="fl-cb">
         <path>/Applications/ti/ccs1000/ccs/tools/compiler/ti-cgt-arm_20.2.0.LTS/lib/</path>
         <kind>archive</kind>
         <file>rtsv7M4_T_le_v4SPD16_eabi.lib</file>
         <name>cpy_tbl.c.obj</name>
      </input_file>
      <input_file id="fl-cc">
         <path>/Applications/ti/ccs1000/ccs/tools/compiler/ti-cgt-arm_20.2.0.LTS/lib/</path>
         <kind>archive</kind>
         <file>rtsv7M4_T_le_v4SPD16_eabi.lib</file>
         <name>exit.c.obj</name>
      </input_file>
      <input_file id="fl-cd">
         <path>/Applications/ti/ccs1000/ccs/tools/compiler/ti-cgt-arm_20.2.0.LTS/lib/</path>
         <kind>archive</kind>
         <file>rtsv7M4_T_le_v4SPD16_eabi.lib</file>
         <name>_lock.c.obj</name>
      </input_file>
      <input_file id="fl-ce">
         <path>/Applications/ti/ccs1000/ccs/tools/compiler/ti-cgt-arm_20.2.0.LTS/lib/</path>
         <kind>archive</kind>
         <file>rtsv7M4_T_le_v4SPD16_eabi.lib</file>
         <name>args_main.c.obj</name>
      </input_file>
   </input_file_list>
   <object_component_list>
      <object_component id="oc-12">
         <name>.intvecs</name>
         <load_address>0x0</load_address>
         <run_address>0x0</run_address>
         <size>0x26c</size>
         <input_file_ref idref="fl-7"/>
      </object_component>
      <object_component id="oc-de">
         <name>.text</name>
         <load_address>0x26c</load_address>
         <run_address>0x26c</run_address>
         <size>0x2474</size>
         <input_file_ref idref="fl-2"/>
      </object_component>
      <object_component id="oc-9b">
         <name>.text</name>
         <load_address>0x26e0</load_address>
         <run_address>0x26e0</run_address>
         <size>0xc6c</size>
         <input_file_ref idref="fl-3"/>
      </object_component>
      <object_component id="oc-c3">
         <name>.text</name>
         <load_address>0x334c</load_address>
         <run_address>0x334c</run_address>
         <size>0x7c0</size>
         <input_file_ref idref="fl-4"/>
      </object_component>
      <object_component id="oc-cf">
         <name>.text</name>
         <load_address>0x3b0c</load_address>
         <run_address>0x3b0c</run_address>
         <size>0x34a</size>
         <input_file_ref idref="fl-6"/>
      </object_component>
      <object_component id="oc-d5">
         <name>.text</name>
         <load_address>0x3e58</load_address>
         <run_address>0x3e58</run_address>
         <size>0x17c</size>
         <input_file_ref idref="fl-8"/>
      </object_component>
      <object_component id="oc-14e">
         <name>.text</name>
         <load_address>0x3fd4</load_address>
         <run_address>0x3fd4</run_address>
         <size>0x160</size>
         <input_file_ref idref="fl-5"/>
      </object_component>
      <object_component id="oc-3b">
         <name>.text</name>
         <load_address>0x4134</load_address>
         <run_address>0x4134</run_address>
         <size>0x9c</size>
         <input_file_ref idref="fl-c3"/>
      </object_component>
      <object_component id="oc-c9">
         <name>.text</name>
         <load_address>0x41d0</load_address>
         <run_address>0x41d0</run_address>
         <size>0x84</size>
         <input_file_ref idref="fl-1"/>
      </object_component>
      <object_component id="oc-8f">
         <name>.text</name>
         <load_address>0x4254</load_address>
         <run_address>0x4254</run_address>
         <size>0x7a</size>
         <input_file_ref idref="fl-c4"/>
      </object_component>
      <object_component id="oc-15">
         <name>.text:decompress:lzss:__TI_decompress_lzss</name>
         <load_address>0x42ce</load_address>
         <run_address>0x42ce</run_address>
         <size>0x68</size>
         <input_file_ref idref="fl-c7"/>
      </object_component>
      <object_component id="oc-10c">
         <name>.text:__TI_auto_init_nobinit_nopinit:__TI_auto_init_nobinit_nopinit</name>
         <load_address>0x4338</load_address>
         <run_address>0x4338</run_address>
         <size>0x44</size>
         <input_file_ref idref="fl-c9"/>
      </object_component>
      <object_component id="oc-59">
         <name>.text:_c_int00_noargs:_c_int00_noargs</name>
         <load_address>0x437c</load_address>
         <run_address>0x437c</run_address>
         <size>0x34</size>
         <input_file_ref idref="fl-c8"/>
      </object_component>
      <object_component id="oc-e4">
         <name>.text</name>
         <load_address>0x43b0</load_address>
         <run_address>0x43b0</run_address>
         <size>0x24</size>
         <input_file_ref idref="fl-9"/>
      </object_component>
      <object_component id="oc-47">
         <name>.text:decompress:ZI:__TI_zero_init_nomemset:__TI_zero_init_nomemset</name>
         <load_address>0x43d4</load_address>
         <run_address>0x43d4</run_address>
         <size>0x1c</size>
         <input_file_ref idref="fl-c5"/>
      </object_component>
      <object_component id="oc-1b">
         <name>.text:decompress:none:__TI_decompress_none</name>
         <load_address>0x43f0</load_address>
         <run_address>0x43f0</run_address>
         <size>0xe</size>
         <input_file_ref idref="fl-c6"/>
      </object_component>
      <object_component id="oc-27">
         <name>.text</name>
         <load_address>0x43fe</load_address>
         <run_address>0x43fe</run_address>
         <size>0xc</size>
         <input_file_ref idref="fl-7"/>
      </object_component>
      <object_component id="oc-95">
         <name>.text:_system_pre_init</name>
         <load_address>0x440a</load_address>
         <run_address>0x440a</run_address>
         <size>0x4</size>
         <input_file_ref idref="fl-ca"/>
      </object_component>
      <object_component id="oc-100">
         <name>.text:abort:abort</name>
         <load_address>0x440e</load_address>
         <run_address>0x440e</run_address>
         <size>0x4</size>
         <input_file_ref idref="fl-cc"/>
      </object_component>
      <object_component id="oc-db">
         <name>.const:.string:$P$T0$1</name>
         <load_address>0x4412</load_address>
         <run_address>0x4412</run_address>
         <size>0x80</size>
         <input_file_ref idref="fl-3"/>
      </object_component>
      <object_component id="oc-ea">
         <name>.const:.string:$P$T1$2</name>
         <load_address>0x4492</load_address>
         <run_address>0x4492</run_address>
         <size>0x12</size>
         <input_file_ref idref="fl-3"/>
      </object_component>
      <object_component id="oc-169">
         <name>.const:.string:broadcast_mac</name>
         <load_address>0x44a4</load_address>
         <run_address>0x44a4</run_address>
         <size>0x6</size>
         <input_file_ref idref="fl-2"/>
      </object_component>
      <object_component id="oc-220">
         <name>.cinit..data.load</name>
         <load_address>0x44b0</load_address>
         <run_address>0x44b0</run_address>
         <size>0x27</size>
      </object_component>
      <object_component id="oc-21e">
         <name>__TI_handler_table</name>
         <load_address>0x44d8</load_address>
         <run_address>0x44d8</run_address>
         <size>0xc</size>
      </object_component>
      <object_component id="oc-221">
         <name>.cinit..bss.load</name>
         <load_address>0x44e8</load_address>
         <run_address>0x44e8</run_address>
         <size>0x8</size>
      </object_component>
      <object_component id="oc-21f">
         <name>__TI_cinit_table</name>
         <load_address>0x44f0</load_address>
         <run_address>0x44f0</run_address>
         <size>0x10</size>
      </object_component>
      <object_component id="oc-157">
         <name>.data</name>
         <load_address>0x20002f3c</load_address>
         <run_address>0x20002f3c</run_address>
         <size>0x19</size>
         <input_file_ref idref="fl-2"/>
      </object_component>
      <object_component id="oc-154">
         <name>.data:macAddress</name>
         <load_address>0x20002f55</load_address>
         <run_address>0x20002f55</run_address>
         <size>0x6</size>
         <input_file_ref idref="fl-2"/>
      </object_component>
      <object_component id="oc-15d">
         <name>.data:ipAddress</name>
         <load_address>0x20002f5b</load_address>
         <run_address>0x20002f5b</run_address>
         <size>0x4</size>
         <input_file_ref idref="fl-2"/>
      </object_component>
      <object_component id="oc-160">
         <name>.data:ipSubnetMask</name>
         <load_address>0x20002f67</load_address>
         <run_address>0x20002f67</run_address>
         <size>0x4</size>
         <input_file_ref idref="fl-2"/>
      </object_component>
      <object_component id="oc-166">
         <name>.data:ipGwAddress</name>
         <load_address>0x20002f63</load_address>
         <run_address>0x20002f63</run_address>
         <size>0x4</size>
         <input_file_ref idref="fl-2"/>
      </object_component>
      <object_component id="oc-163">
         <name>.data:ipDnsServer</name>
         <load_address>0x20002f5f</load_address>
         <run_address>0x20002f5f</run_address>
         <size>0x4</size>
         <input_file_ref idref="fl-2"/>
      </object_component>
      <object_component id="oc-16f">
         <name>.data:siaddr</name>
         <load_address>0x20002f6b</load_address>
         <run_address>0x20002f6b</run_address>
         <size>0x4</size>
         <input_file_ref idref="fl-2"/>
      </object_component>
      <object_component id="oc-16c">
         <name>.data:yiaddr</name>
         <load_address>0x20002f6f</load_address>
         <run_address>0x20002f6f</run_address>
         <size>0x4</size>
         <input_file_ref idref="fl-2"/>
      </object_component>
      <object_component id="oc-15a">
         <name>.common:sum</name>
         <uninitialized>true</uninitialized>
         <run_address>0x20002f34</run_address>
         <size>0x4</size>
      </object_component>
      <object_component id="oc-172">
         <name>.common:lease_time</name>
         <uninitialized>true</uninitialized>
         <run_address>0x20002f30</run_address>
         <size>0x4</size>
      </object_component>
      <object_component id="oc-173">
         <name>.common:tcp_flags</name>
         <uninitialized>true</uninitialized>
         <run_address>0x20002f38</run_address>
         <size>0x1</size>
      </object_component>
      <object_component id="oc-174">
         <name>.common:telnet_command</name>
         <uninitialized>true</uninitialized>
         <run_address>0x20002ee0</run_address>
         <size>0x50</size>
      </object_component>
      <object_component id="oc-ed">
         <name>.common:no_payload</name>
         <uninitialized>true</uninitialized>
         <run_address>0x20002ee0</run_address>
         <size>0x0</size>
      </object_component>
      <object_component id="oc-24">
         <name>.stack</name>
         <uninitialized>true</uninitialized>
         <run_address>0x20000000</run_address>
         <size>0x4</size>
         <input_file_ref idref="fl-c8"/>
      </object_component>
      <object_component id="oc-223">
         <name>.stack</name>
         <uninitialized>true</uninitialized>
         <run_address>0x20000000</run_address>
         <size>0x0</size>
      </object_component>
      <object_component id="oc-b2">
         <name>.debug_info</name>
         <load_address>0x0</load_address>
         <run_address>0x0</run_address>
         <size>0x259</size>
         <input_file_ref idref="fl-1"/>
      </object_component>
      <object_component id="oc-ca">
         <name>.debug_info</name>
         <load_address>0x259</load_address>
         <run_address>0x259</run_address>
         <size>0x1fd</size>
         <input_file_ref idref="fl-1"/>
      </object_component>
      <object_component id="oc-70">
         <name>.debug_info</name>
         <load_address>0x456</load_address>
         <run_address>0x456</run_address>
         <size>0x26b</size>
         <input_file_ref idref="fl-1"/>
      </object_component>
      <object_component id="oc-36">
         <name>.debug_info</name>
         <load_address>0x6c1</load_address>
         <run_address>0x6c1</run_address>
         <size>0x84</size>
         <input_file_ref idref="fl-1"/>
      </object_component>
      <object_component id="oc-ad">
         <name>.debug_info</name>
         <load_address>0x745</load_address>
         <run_address>0x745</run_address>
         <size>0x297</size>
         <input_file_ref idref="fl-1"/>
      </object_component>
      <object_component id="oc-75">
         <name>.debug_info</name>
         <load_address>0x9dc</load_address>
         <run_address>0x9dc</run_address>
         <size>0xbb</size>
         <input_file_ref idref="fl-1"/>
      </object_component>
      <object_component id="oc-15b">
         <name>.debug_info</name>
         <load_address>0xa97</load_address>
         <run_address>0xa97</run_address>
         <size>0x614</size>
         <input_file_ref idref="fl-2"/>
      </object_component>
      <object_component id="oc-16a">
         <name>.debug_info</name>
         <load_address>0x10ab</load_address>
         <run_address>0x10ab</run_address>
         <size>0xd5</size>
         <input_file_ref idref="fl-2"/>
      </object_component>
      <object_component id="oc-158">
         <name>.debug_info</name>
         <load_address>0x1180</load_address>
         <run_address>0x1180</run_address>
         <size>0x241</size>
         <input_file_ref idref="fl-2"/>
      </object_component>
      <object_component id="oc-155">
         <name>.debug_info</name>
         <load_address>0x13c1</load_address>
         <run_address>0x13c1</run_address>
         <size>0xcf</size>
         <input_file_ref idref="fl-2"/>
      </object_component>
      <object_component id="oc-15e">
         <name>.debug_info</name>
         <load_address>0x1490</load_address>
         <run_address>0x1490</run_address>
         <size>0xcd</size>
         <input_file_ref idref="fl-2"/>
      </object_component>
      <object_component id="oc-161">
         <name>.debug_info</name>
         <load_address>0x155d</load_address>
         <run_address>0x155d</run_address>
         <size>0xd3</size>
         <input_file_ref idref="fl-2"/>
      </object_component>
      <object_component id="oc-167">
         <name>.debug_info</name>
         <load_address>0x1630</load_address>
         <run_address>0x1630</run_address>
         <size>0xd1</size>
         <input_file_ref idref="fl-2"/>
      </object_component>
      <object_component id="oc-164">
         <name>.debug_info</name>
         <load_address>0x1701</load_address>
         <run_address>0x1701</run_address>
         <size>0xd1</size>
         <input_file_ref idref="fl-2"/>
      </object_component>
      <object_component id="oc-170">
         <name>.debug_info</name>
         <load_address>0x17d2</load_address>
         <run_address>0x17d2</run_address>
         <size>0xc7</size>
         <input_file_ref idref="fl-2"/>
      </object_component>
      <object_component id="oc-16d">
         <name>.debug_info</name>
         <load_address>0x1899</load_address>
         <run_address>0x1899</run_address>
         <size>0xc7</size>
         <input_file_ref idref="fl-2"/>
      </object_component>
      <object_component id="oc-df">
         <name>.debug_info</name>
         <load_address>0x1960</load_address>
         <run_address>0x1960</run_address>
         <size>0x40a1</size>
         <input_file_ref idref="fl-2"/>
      </object_component>
      <object_component id="oc-17b">
         <name>.debug_info</name>
         <load_address>0x5a01</load_address>
         <run_address>0x5a01</run_address>
         <size>0x26b</size>
         <input_file_ref idref="fl-2"/>
      </object_component>
      <object_component id="oc-141">
         <name>.debug_info</name>
         <load_address>0x5c6c</load_address>
         <run_address>0x5c6c</run_address>
         <size>0x88</size>
         <input_file_ref idref="fl-2"/>
      </object_component>
      <object_component id="oc-f1">
         <name>.debug_info</name>
         <load_address>0x5cf4</load_address>
         <run_address>0x5cf4</run_address>
         <size>0x8b</size>
         <input_file_ref idref="fl-2"/>
      </object_component>
      <object_component id="oc-180">
         <name>.debug_info</name>
         <load_address>0x5d7f</load_address>
         <run_address>0x5d7f</run_address>
         <size>0x2a4</size>
         <input_file_ref idref="fl-2"/>
      </object_component>
      <object_component id="oc-f6">
         <name>.debug_info</name>
         <load_address>0x6023</load_address>
         <run_address>0x6023</run_address>
         <size>0xbb</size>
         <input_file_ref idref="fl-2"/>
      </object_component>
      <object_component id="oc-1b2">
         <name>.debug_info</name>
         <load_address>0x60de</load_address>
         <run_address>0x60de</run_address>
         <size>0x5cf</size>
         <input_file_ref idref="fl-2"/>
      </object_component>
      <object_component id="oc-ee">
         <name>.debug_info</name>
         <load_address>0x66ad</load_address>
         <run_address>0x66ad</run_address>
         <size>0xc66</size>
         <input_file_ref idref="fl-3"/>
      </object_component>
      <object_component id="oc-dc">
         <name>.debug_info</name>
         <load_address>0x7313</load_address>
         <run_address>0x7313</run_address>
         <size>0xcc</size>
         <input_file_ref idref="fl-3"/>
      </object_component>
      <object_component id="oc-eb">
         <name>.debug_info</name>
         <load_address>0x73df</load_address>
         <run_address>0x73df</run_address>
         <size>0xcd</size>
         <input_file_ref idref="fl-3"/>
      </object_component>
      <object_component id="oc-9c">
         <name>.debug_info</name>
         <load_address>0x74ac</load_address>
         <run_address>0x74ac</run_address>
         <size>0x10f6</size>
         <input_file_ref idref="fl-3"/>
      </object_component>
      <object_component id="oc-fb">
         <name>.debug_info</name>
         <load_address>0x85a2</load_address>
         <run_address>0x85a2</run_address>
         <size>0x8a</size>
         <input_file_ref idref="fl-3"/>
      </object_component>
      <object_component id="oc-146">
         <name>.debug_info</name>
         <load_address>0x862c</load_address>
         <run_address>0x862c</run_address>
         <size>0x25d</size>
         <input_file_ref idref="fl-4"/>
      </object_component>
      <object_component id="oc-c4">
         <name>.debug_info</name>
         <load_address>0x8889</load_address>
         <run_address>0x8889</run_address>
         <size>0xf9a</size>
         <input_file_ref idref="fl-4"/>
      </object_component>
      <object_component id="oc-14f">
         <name>.debug_info</name>
         <load_address>0x9823</load_address>
         <run_address>0x9823</run_address>
         <size>0x44f</size>
         <input_file_ref idref="fl-5"/>
      </object_component>
      <object_component id="oc-149">
         <name>.debug_info</name>
         <load_address>0x9c72</load_address>
         <run_address>0x9c72</run_address>
         <size>0x266</size>
         <input_file_ref idref="fl-6"/>
      </object_component>
      <object_component id="oc-d0">
         <name>.debug_info</name>
         <load_address>0x9ed8</load_address>
         <run_address>0x9ed8</run_address>
         <size>0x4cc</size>
         <input_file_ref idref="fl-6"/>
      </object_component>
      <object_component id="oc-2f">
         <name>.debug_info</name>
         <load_address>0xa3a4</load_address>
         <run_address>0xa3a4</run_address>
         <size>0x2a9</size>
         <input_file_ref idref="fl-7"/>
      </object_component>
      <object_component id="oc-13">
         <name>.debug_info</name>
         <load_address>0xa64d</load_address>
         <run_address>0xa64d</run_address>
         <size>0xe8</size>
         <input_file_ref idref="fl-7"/>
      </object_component>
      <object_component id="oc-28">
         <name>.debug_info</name>
         <load_address>0xa735</load_address>
         <run_address>0xa735</run_address>
         <size>0x264</size>
         <input_file_ref idref="fl-7"/>
      </object_component>
      <object_component id="oc-14b">
         <name>.debug_info</name>
         <load_address>0xa999</load_address>
         <run_address>0xa999</run_address>
         <size>0x25e</size>
         <input_file_ref idref="fl-8"/>
      </object_component>
      <object_component id="oc-d6">
         <name>.debug_info</name>
         <load_address>0xabf7</load_address>
         <run_address>0xabf7</run_address>
         <size>0x346</size>
         <input_file_ref idref="fl-8"/>
      </object_component>
      <object_component id="oc-e5">
         <name>.debug_info</name>
         <load_address>0xaf3d</load_address>
         <run_address>0xaf3d</run_address>
         <size>0x11f</size>
         <input_file_ref idref="fl-9"/>
      </object_component>
      <object_component id="oc-3c">
         <name>.debug_info</name>
         <load_address>0xb05c</load_address>
         <run_address>0xb05c</run_address>
         <size>0x119</size>
         <input_file_ref idref="fl-c3"/>
      </object_component>
      <object_component id="oc-90">
         <name>.debug_info</name>
         <load_address>0xb175</load_address>
         <run_address>0xb175</run_address>
         <size>0x147</size>
         <input_file_ref idref="fl-c4"/>
      </object_component>
      <object_component id="oc-8e">
         <name>.debug_info</name>
         <load_address>0xb2bc</load_address>
         <run_address>0xb2bc</run_address>
         <size>0x2d4</size>
         <input_file_ref idref="fl-c5"/>
      </object_component>
      <object_component id="oc-48">
         <name>.debug_info</name>
         <load_address>0xb590</load_address>
         <run_address>0xb590</run_address>
         <size>0x1d2</size>
         <input_file_ref idref="fl-c5"/>
      </object_component>
      <object_component id="oc-89">
         <name>.debug_info</name>
         <load_address>0xb762</load_address>
         <run_address>0xb762</run_address>
         <size>0x46</size>
         <input_file_ref idref="fl-c5"/>
      </object_component>
      <object_component id="oc-ba">
         <name>.debug_info</name>
         <load_address>0xb7a8</load_address>
         <run_address>0xb7a8</run_address>
         <size>0x2c</size>
         <input_file_ref idref="fl-c5"/>
      </object_component>
      <object_component id="oc-46">
         <name>.debug_info</name>
         <load_address>0xb7d4</load_address>
         <run_address>0xb7d4</run_address>
         <size>0x2a8</size>
         <input_file_ref idref="fl-c6"/>
      </object_component>
      <object_component id="oc-1c">
         <name>.debug_info</name>
         <load_address>0xba7c</load_address>
         <run_address>0xba7c</run_address>
         <size>0x1ea</size>
         <input_file_ref idref="fl-c6"/>
      </object_component>
      <object_component id="oc-41">
         <name>.debug_info</name>
         <load_address>0xbc66</load_address>
         <run_address>0xbc66</run_address>
         <size>0x46</size>
         <input_file_ref idref="fl-c6"/>
      </object_component>
      <object_component id="oc-81">
         <name>.debug_info</name>
         <load_address>0xbcac</load_address>
         <run_address>0xbcac</run_address>
         <size>0x2c</size>
         <input_file_ref idref="fl-c6"/>
      </object_component>
      <object_component id="oc-7f">
         <name>.debug_info</name>
         <load_address>0xbcd8</load_address>
         <run_address>0xbcd8</run_address>
         <size>0x29e</size>
         <input_file_ref idref="fl-c7"/>
      </object_component>
      <object_component id="oc-16">
         <name>.debug_info</name>
         <load_address>0xbf76</load_address>
         <run_address>0xbf76</run_address>
         <size>0x250</size>
         <input_file_ref idref="fl-c7"/>
      </object_component>
      <object_component id="oc-31">
         <name>.debug_info</name>
         <load_address>0xc1c6</load_address>
         <run_address>0xc1c6</run_address>
         <size>0x60</size>
         <input_file_ref idref="fl-c7"/>
      </object_component>
      <object_component id="oc-b3">
         <name>.debug_info</name>
         <load_address>0xc226</load_address>
         <run_address>0xc226</run_address>
         <size>0x46</size>
         <input_file_ref idref="fl-c7"/>
      </object_component>
      <object_component id="oc-7a">
         <name>.debug_info</name>
         <load_address>0xc26c</load_address>
         <run_address>0xc26c</run_address>
         <size>0x39</size>
         <input_file_ref idref="fl-c7"/>
      </object_component>
      <object_component id="oc-25">
         <name>.debug_info</name>
         <load_address>0xc2a5</load_address>
         <run_address>0xc2a5</run_address>
         <size>0x10b</size>
         <input_file_ref idref="fl-c8"/>
      </object_component>
      <object_component id="oc-5a">
         <name>.debug_info</name>
         <load_address>0xc3b0</load_address>
         <run_address>0xc3b0</run_address>
         <size>0x1a9</size>
         <input_file_ref idref="fl-c8"/>
      </object_component>
      <object_component id="oc-190">
         <name>.debug_info</name>
         <load_address>0xc559</load_address>
         <run_address>0xc559</run_address>
         <size>0x4b3</size>
         <input_file_ref idref="fl-c9"/>
      </object_component>
      <object_component id="oc-10d">
         <name>.debug_info</name>
         <load_address>0xca0c</load_address>
         <run_address>0xca0c</run_address>
         <size>0x1a6</size>
         <input_file_ref idref="fl-c9"/>
      </object_component>
      <object_component id="oc-1d5">
         <name>.debug_info</name>
         <load_address>0xcbb2</load_address>
         <run_address>0xcbb2</run_address>
         <size>0x39</size>
         <input_file_ref idref="fl-c9"/>
      </object_component>
      <object_component id="oc-1e9">
         <name>.debug_info</name>
         <load_address>0xcbeb</load_address>
         <run_address>0xcbeb</run_address>
         <size>0x39</size>
         <input_file_ref idref="fl-c9"/>
      </object_component>
      <object_component id="oc-1da">
         <name>.debug_info</name>
         <load_address>0xcc24</load_address>
         <run_address>0xcc24</run_address>
         <size>0x39</size>
         <input_file_ref idref="fl-c9"/>
      </object_component>
      <object_component id="oc-1df">
         <name>.debug_info</name>
         <load_address>0xcc5d</load_address>
         <run_address>0xcc5d</run_address>
         <size>0xcd</size>
         <input_file_ref idref="fl-c9"/>
      </object_component>
      <object_component id="oc-96">
         <name>.debug_info</name>
         <load_address>0xcd2a</load_address>
         <run_address>0xcd2a</run_address>
         <size>0x153</size>
         <input_file_ref idref="fl-ca"/>
      </object_component>
      <object_component id="oc-101">
         <name>.debug_info</name>
         <load_address>0xce7d</load_address>
         <run_address>0xce7d</run_address>
         <size>0x122</size>
         <input_file_ref idref="fl-cc"/>
      </object_component>
      <object_component id="oc-224">
         <name>.debug_info</name>
         <load_address>0xcf9f</load_address>
         <run_address>0xcf9f</run_address>
         <size>0x9a</size>
      </object_component>
      <object_component id="oc-13f">
         <name>.debug_line</name>
         <load_address>0x0</load_address>
         <run_address>0x0</run_address>
         <size>0x20</size>
         <input_file_ref idref="fl-1"/>
      </object_component>
      <object_component id="oc-cd">
         <name>.debug_line</name>
         <load_address>0x20</load_address>
         <run_address>0x20</run_address>
         <size>0x7b</size>
         <input_file_ref idref="fl-1"/>
      </object_component>
      <object_component id="oc-73">
         <name>.debug_line</name>
         <load_address>0x9b</load_address>
         <run_address>0x9b</run_address>
         <size>0x7a</size>
         <input_file_ref idref="fl-1"/>
      </object_component>
      <object_component id="oc-39">
         <name>.debug_line</name>
         <load_address>0x115</load_address>
         <run_address>0x115</run_address>
         <size>0x20</size>
         <input_file_ref idref="fl-1"/>
      </object_component>
      <object_component id="oc-b0">
         <name>.debug_line</name>
         <load_address>0x135</load_address>
         <run_address>0x135</run_address>
         <size>0x7e</size>
         <input_file_ref idref="fl-1"/>
      </object_component>
      <object_component id="oc-78">
         <name>.debug_line</name>
         <load_address>0x1b3</load_address>
         <run_address>0x1b3</run_address>
         <size>0x7b</size>
         <input_file_ref idref="fl-1"/>
      </object_component>
      <object_component id="oc-1b1">
         <name>.debug_line</name>
         <load_address>0x22e</load_address>
         <run_address>0x22e</run_address>
         <size>0x6f</size>
         <input_file_ref idref="fl-2"/>
      </object_component>
      <object_component id="oc-1c0">
         <name>.debug_line</name>
         <load_address>0x29d</load_address>
         <run_address>0x29d</run_address>
         <size>0x2d</size>
         <input_file_ref idref="fl-2"/>
      </object_component>
      <object_component id="oc-1af">
         <name>.debug_line</name>
         <load_address>0x2ca</load_address>
         <run_address>0x2ca</run_address>
         <size>0x2d</size>
         <input_file_ref idref="fl-2"/>
      </object_component>
      <object_component id="oc-1ad">
         <name>.debug_line</name>
         <load_address>0x2f7</load_address>
         <run_address>0x2f7</run_address>
         <size>0x2d</size>
         <input_file_ref idref="fl-2"/>
      </object_component>
      <object_component id="oc-1b8">
         <name>.debug_line</name>
         <load_address>0x324</load_address>
         <run_address>0x324</run_address>
         <size>0x2d</size>
         <input_file_ref idref="fl-2"/>
      </object_component>
      <object_component id="oc-1ba">
         <name>.debug_line</name>
         <load_address>0x351</load_address>
         <run_address>0x351</run_address>
         <size>0x2d</size>
         <input_file_ref idref="fl-2"/>
      </object_component>
      <object_component id="oc-1be">
         <name>.debug_line</name>
         <load_address>0x37e</load_address>
         <run_address>0x37e</run_address>
         <size>0x2d</size>
         <input_file_ref idref="fl-2"/>
      </object_component>
      <object_component id="oc-1bc">
         <name>.debug_line</name>
         <load_address>0x3ab</load_address>
         <run_address>0x3ab</run_address>
         <size>0x2d</size>
         <input_file_ref idref="fl-2"/>
      </object_component>
      <object_component id="oc-1c4">
         <name>.debug_line</name>
         <load_address>0x3d8</load_address>
         <run_address>0x3d8</run_address>
         <size>0x2d</size>
         <input_file_ref idref="fl-2"/>
      </object_component>
      <object_component id="oc-1c2">
         <name>.debug_line</name>
         <load_address>0x405</load_address>
         <run_address>0x405</run_address>
         <size>0x2d</size>
         <input_file_ref idref="fl-2"/>
      </object_component>
      <object_component id="oc-e2">
         <name>.debug_line</name>
         <load_address>0x432</load_address>
         <run_address>0x432</run_address>
         <size>0x12c8</size>
         <input_file_ref idref="fl-2"/>
      </object_component>
      <object_component id="oc-17e">
         <name>.debug_line</name>
         <load_address>0x16fa</load_address>
         <run_address>0x16fa</run_address>
         <size>0x7a</size>
         <input_file_ref idref="fl-2"/>
      </object_component>
      <object_component id="oc-144">
         <name>.debug_line</name>
         <load_address>0x1774</load_address>
         <run_address>0x1774</run_address>
         <size>0x2d</size>
         <input_file_ref idref="fl-2"/>
      </object_component>
      <object_component id="oc-f4">
         <name>.debug_line</name>
         <load_address>0x17a1</load_address>
         <run_address>0x17a1</run_address>
         <size>0x20</size>
         <input_file_ref idref="fl-2"/>
      </object_component>
      <object_component id="oc-183">
         <name>.debug_line</name>
         <load_address>0x17c1</load_address>
         <run_address>0x17c1</run_address>
         <size>0x7e</size>
         <input_file_ref idref="fl-2"/>
      </object_component>
      <object_component id="oc-f9">
         <name>.debug_line</name>
         <load_address>0x183f</load_address>
         <run_address>0x183f</run_address>
         <size>0x7b</size>
         <input_file_ref idref="fl-2"/>
      </object_component>
      <object_component id="oc-1b5">
         <name>.debug_line</name>
         <load_address>0x18ba</load_address>
         <run_address>0x18ba</run_address>
         <size>0x2d</size>
         <input_file_ref idref="fl-2"/>
      </object_component>
      <object_component id="oc-17a">
         <name>.debug_line</name>
         <load_address>0x18e7</load_address>
         <run_address>0x18e7</run_address>
         <size>0x81</size>
         <input_file_ref idref="fl-3"/>
      </object_component>
      <object_component id="oc-14d">
         <name>.debug_line</name>
         <load_address>0x1968</load_address>
         <run_address>0x1968</run_address>
         <size>0x31</size>
         <input_file_ref idref="fl-3"/>
      </object_component>
      <object_component id="oc-178">
         <name>.debug_line</name>
         <load_address>0x1999</load_address>
         <run_address>0x1999</run_address>
         <size>0x31</size>
         <input_file_ref idref="fl-3"/>
      </object_component>
      <object_component id="oc-9f">
         <name>.debug_line</name>
         <load_address>0x19ca</load_address>
         <run_address>0x19ca</run_address>
         <size>0x34d</size>
         <input_file_ref idref="fl-3"/>
      </object_component>
      <object_component id="oc-fe">
         <name>.debug_line</name>
         <load_address>0x1d17</load_address>
         <run_address>0x1d17</run_address>
         <size>0x31</size>
         <input_file_ref idref="fl-3"/>
      </object_component>
      <object_component id="oc-1a6">
         <name>.debug_line</name>
         <load_address>0x1d48</load_address>
         <run_address>0x1d48</run_address>
         <size>0x20</size>
         <input_file_ref idref="fl-4"/>
      </object_component>
      <object_component id="oc-c7">
         <name>.debug_line</name>
         <load_address>0x1d68</load_address>
         <run_address>0x1d68</run_address>
         <size>0x39a</size>
         <input_file_ref idref="fl-4"/>
      </object_component>
      <object_component id="oc-152">
         <name>.debug_line</name>
         <load_address>0x2102</load_address>
         <run_address>0x2102</run_address>
         <size>0xdd</size>
         <input_file_ref idref="fl-5"/>
      </object_component>
      <object_component id="oc-1a8">
         <name>.debug_line</name>
         <load_address>0x21df</load_address>
         <run_address>0x21df</run_address>
         <size>0x20</size>
         <input_file_ref idref="fl-6"/>
      </object_component>
      <object_component id="oc-d3">
         <name>.debug_line</name>
         <load_address>0x21ff</load_address>
         <run_address>0x21ff</run_address>
         <size>0x184</size>
         <input_file_ref idref="fl-6"/>
      </object_component>
      <object_component id="oc-6f">
         <name>.debug_line</name>
         <load_address>0x2383</load_address>
         <run_address>0x2383</run_address>
         <size>0x41</size>
         <input_file_ref idref="fl-7"/>
      </object_component>
      <object_component id="oc-2e">
         <name>.debug_line</name>
         <load_address>0x23c4</load_address>
         <run_address>0x23c4</run_address>
         <size>0x41</size>
         <input_file_ref idref="fl-7"/>
      </object_component>
      <object_component id="oc-2b">
         <name>.debug_line</name>
         <load_address>0x2405</load_address>
         <run_address>0x2405</run_address>
         <size>0xa1</size>
         <input_file_ref idref="fl-7"/>
      </object_component>
      <object_component id="oc-1aa">
         <name>.debug_line</name>
         <load_address>0x24a6</load_address>
         <run_address>0x24a6</run_address>
         <size>0x20</size>
         <input_file_ref idref="fl-8"/>
      </object_component>
      <object_component id="oc-d9">
         <name>.debug_line</name>
         <load_address>0x24c6</load_address>
         <run_address>0x24c6</run_address>
         <size>0xec</size>
         <input_file_ref idref="fl-8"/>
      </object_component>
      <object_component id="oc-e8">
         <name>.debug_line</name>
         <load_address>0x25b2</load_address>
         <run_address>0x25b2</run_address>
         <size>0x52</size>
         <input_file_ref idref="fl-9"/>
      </object_component>
      <object_component id="oc-3f">
         <name>.debug_line</name>
         <load_address>0x2604</load_address>
         <run_address>0x2604</run_address>
         <size>0x88</size>
         <input_file_ref idref="fl-c3"/>
      </object_component>
      <object_component id="oc-93">
         <name>.debug_line</name>
         <load_address>0x268c</load_address>
         <run_address>0x268c</run_address>
         <size>0x79</size>
         <input_file_ref idref="fl-c4"/>
      </object_component>
      <object_component id="oc-c0">
         <name>.debug_line</name>
         <load_address>0x2705</load_address>
         <run_address>0x2705</run_address>
         <size>0x92</size>
         <input_file_ref idref="fl-c5"/>
      </object_component>
      <object_component id="oc-4b">
         <name>.debug_line</name>
         <load_address>0x2797</load_address>
         <run_address>0x2797</run_address>
         <size>0x56</size>
         <input_file_ref idref="fl-c5"/>
      </object_component>
      <object_component id="oc-8c">
         <name>.debug_line</name>
         <load_address>0x27ed</load_address>
         <run_address>0x27ed</run_address>
         <size>0x34</size>
         <input_file_ref idref="fl-c5"/>
      </object_component>
      <object_component id="oc-bd">
         <name>.debug_line</name>
         <load_address>0x2821</load_address>
         <run_address>0x2821</run_address>
         <size>0x92</size>
         <input_file_ref idref="fl-c5"/>
      </object_component>
      <object_component id="oc-87">
         <name>.debug_line</name>
         <load_address>0x28b3</load_address>
         <run_address>0x28b3</run_address>
         <size>0x20</size>
         <input_file_ref idref="fl-c6"/>
      </object_component>
      <object_component id="oc-1f">
         <name>.debug_line</name>
         <load_address>0x28d3</load_address>
         <run_address>0x28d3</run_address>
         <size>0x55</size>
         <input_file_ref idref="fl-c6"/>
      </object_component>
      <object_component id="oc-44">
         <name>.debug_line</name>
         <load_address>0x2928</load_address>
         <run_address>0x2928</run_address>
         <size>0x3a</size>
         <input_file_ref idref="fl-c6"/>
      </object_component>
      <object_component id="oc-84">
         <name>.debug_line</name>
         <load_address>0x2962</load_address>
         <run_address>0x2962</run_address>
         <size>0x92</size>
         <input_file_ref idref="fl-c6"/>
      </object_component>
      <object_component id="oc-b9">
         <name>.debug_line</name>
         <load_address>0x29f4</load_address>
         <run_address>0x29f4</run_address>
         <size>0x20</size>
         <input_file_ref idref="fl-c7"/>
      </object_component>
      <object_component id="oc-19">
         <name>.debug_line</name>
         <load_address>0x2a14</load_address>
         <run_address>0x2a14</run_address>
         <size>0xa9</size>
         <input_file_ref idref="fl-c7"/>
      </object_component>
      <object_component id="oc-34">
         <name>.debug_line</name>
         <load_address>0x2abd</load_address>
         <run_address>0x2abd</run_address>
         <size>0x3a</size>
         <input_file_ref idref="fl-c7"/>
      </object_component>
      <object_component id="oc-b6">
         <name>.debug_line</name>
         <load_address>0x2af7</load_address>
         <run_address>0x2af7</run_address>
         <size>0x9a</size>
         <input_file_ref idref="fl-c7"/>
      </object_component>
      <object_component id="oc-7d">
         <name>.debug_line</name>
         <load_address>0x2b91</load_address>
         <run_address>0x2b91</run_address>
         <size>0x96</size>
         <input_file_ref idref="fl-c7"/>
      </object_component>
      <object_component id="oc-6c">
         <name>.debug_line</name>
         <load_address>0x2c27</load_address>
         <run_address>0x2c27</run_address>
         <size>0x33</size>
         <input_file_ref idref="fl-c8"/>
      </object_component>
      <object_component id="oc-5d">
         <name>.debug_line</name>
         <load_address>0x2c5a</load_address>
         <run_address>0x2c5a</run_address>
         <size>0x45</size>
         <input_file_ref idref="fl-c8"/>
      </object_component>
      <object_component id="oc-1d4">
         <name>.debug_line</name>
         <load_address>0x2c9f</load_address>
         <run_address>0x2c9f</run_address>
         <size>0xbf</size>
         <input_file_ref idref="fl-c9"/>
      </object_component>
      <object_component id="oc-110">
         <name>.debug_line</name>
         <load_address>0x2d5e</load_address>
         <run_address>0x2d5e</run_address>
         <size>0x6f</size>
         <input_file_ref idref="fl-c9"/>
      </object_component>
      <object_component id="oc-1d8">
         <name>.debug_line</name>
         <load_address>0x2dcd</load_address>
         <run_address>0x2dcd</run_address>
         <size>0x2e</size>
         <input_file_ref idref="fl-c9"/>
      </object_component>
      <object_component id="oc-1ec">
         <name>.debug_line</name>
         <load_address>0x2dfb</load_address>
         <run_address>0x2dfb</run_address>
         <size>0x9a</size>
         <input_file_ref idref="fl-c9"/>
      </object_component>
      <object_component id="oc-1dd">
         <name>.debug_line</name>
         <load_address>0x2e95</load_address>
         <run_address>0x2e95</run_address>
         <size>0x97</size>
         <input_file_ref idref="fl-c9"/>
      </object_component>
      <object_component id="oc-1e2">
         <name>.debug_line</name>
         <load_address>0x2f2c</load_address>
         <run_address>0x2f2c</run_address>
         <size>0x93</size>
         <input_file_ref idref="fl-c9"/>
      </object_component>
      <object_component id="oc-99">
         <name>.debug_line</name>
         <load_address>0x2fbf</load_address>
         <run_address>0x2fbf</run_address>
         <size>0x40</size>
         <input_file_ref idref="fl-ca"/>
      </object_component>
      <object_component id="oc-104">
         <name>.debug_line</name>
         <load_address>0x2fff</load_address>
         <run_address>0x2fff</run_address>
         <size>0x3c</size>
         <input_file_ref idref="fl-cc"/>
      </object_component>
      <object_component id="oc-ce">
         <name>.debug_frame</name>
         <load_address>0x0</load_address>
         <run_address>0x0</run_address>
         <size>0x84</size>
         <input_file_ref idref="fl-1"/>
      </object_component>
      <object_component id="oc-e3">
         <name>.debug_frame</name>
         <load_address>0x84</load_address>
         <run_address>0x84</run_address>
         <size>0x730</size>
         <input_file_ref idref="fl-2"/>
      </object_component>
      <object_component id="oc-a0">
         <name>.debug_frame</name>
         <load_address>0x7b4</load_address>
         <run_address>0x7b4</run_address>
         <size>0x160</size>
         <input_file_ref idref="fl-3"/>
      </object_component>
      <object_component id="oc-c8">
         <name>.debug_frame</name>
         <load_address>0x914</load_address>
         <run_address>0x914</run_address>
         <size>0x274</size>
         <input_file_ref idref="fl-4"/>
      </object_component>
      <object_component id="oc-153">
         <name>.debug_frame</name>
         <load_address>0xb88</load_address>
         <run_address>0xb88</run_address>
         <size>0xb8</size>
         <input_file_ref idref="fl-5"/>
      </object_component>
      <object_component id="oc-d4">
         <name>.debug_frame</name>
         <load_address>0xc40</load_address>
         <run_address>0xc40</run_address>
         <size>0xdc</size>
         <input_file_ref idref="fl-6"/>
      </object_component>
      <object_component id="oc-2c">
         <name>.debug_frame</name>
         <load_address>0xd1c</load_address>
         <run_address>0xd1c</run_address>
         <size>0x90</size>
         <input_file_ref idref="fl-7"/>
      </object_component>
      <object_component id="oc-da">
         <name>.debug_frame</name>
         <load_address>0xdac</load_address>
         <run_address>0xdac</run_address>
         <size>0xc8</size>
         <input_file_ref idref="fl-8"/>
      </object_component>
      <object_component id="oc-e9">
         <name>.debug_frame</name>
         <load_address>0xe74</load_address>
         <run_address>0xe74</run_address>
         <size>0x58</size>
         <input_file_ref idref="fl-9"/>
      </object_component>
      <object_component id="oc-4c">
         <name>.debug_frame</name>
         <load_address>0xecc</load_address>
         <run_address>0xecc</run_address>
         <size>0x54</size>
         <input_file_ref idref="fl-c5"/>
      </object_component>
      <object_component id="oc-20">
         <name>.debug_frame</name>
         <load_address>0xf20</load_address>
         <run_address>0xf20</run_address>
         <size>0x54</size>
         <input_file_ref idref="fl-c6"/>
      </object_component>
      <object_component id="oc-1a">
         <name>.debug_frame</name>
         <load_address>0xf74</load_address>
         <run_address>0xf74</run_address>
         <size>0x60</size>
         <input_file_ref idref="fl-c7"/>
      </object_component>
      <object_component id="oc-5e">
         <name>.debug_frame</name>
         <load_address>0xfd4</load_address>
         <run_address>0xfd4</run_address>
         <size>0x50</size>
         <input_file_ref idref="fl-c8"/>
      </object_component>
      <object_component id="oc-111">
         <name>.debug_frame</name>
         <load_address>0x1024</load_address>
         <run_address>0x1024</run_address>
         <size>0x5c</size>
         <input_file_ref idref="fl-c9"/>
      </object_component>
      <object_component id="oc-9a">
         <name>.debug_frame</name>
         <load_address>0x1080</load_address>
         <run_address>0x1080</run_address>
         <size>0x54</size>
         <input_file_ref idref="fl-ca"/>
      </object_component>
      <object_component id="oc-105">
         <name>.debug_frame</name>
         <load_address>0x10d4</load_address>
         <run_address>0x10d4</run_address>
         <size>0x54</size>
         <input_file_ref idref="fl-cc"/>
      </object_component>
      <object_component id="oc-13e">
         <name>.debug_abbrev</name>
         <load_address>0x0</load_address>
         <run_address>0x0</run_address>
         <size>0x27</size>
         <input_file_ref idref="fl-1"/>
      </object_component>
      <object_component id="oc-147">
         <name>.debug_abbrev</name>
         <load_address>0x27</load_address>
         <run_address>0x27</run_address>
         <size>0x9b</size>
         <input_file_ref idref="fl-1"/>
      </object_component>
      <object_component id="oc-72">
         <name>.debug_abbrev</name>
         <load_address>0xc2</load_address>
         <run_address>0xc2</run_address>
         <size>0x69</size>
         <input_file_ref idref="fl-1"/>
      </object_component>
      <object_component id="oc-38">
         <name>.debug_abbrev</name>
         <load_address>0x12b</load_address>
         <run_address>0x12b</run_address>
         <size>0x1f</size>
         <input_file_ref idref="fl-1"/>
      </object_component>
      <object_component id="oc-af">
         <name>.debug_abbrev</name>
         <load_address>0x14a</load_address>
         <run_address>0x14a</run_address>
         <size>0x5c</size>
         <input_file_ref idref="fl-1"/>
      </object_component>
      <object_component id="oc-77">
         <name>.debug_abbrev</name>
         <load_address>0x1a6</load_address>
         <run_address>0x1a6</run_address>
         <size>0x24</size>
         <input_file_ref idref="fl-1"/>
      </object_component>
      <object_component id="oc-1b0">
         <name>.debug_abbrev</name>
         <load_address>0x1ca</load_address>
         <run_address>0x1ca</run_address>
         <size>0xfe</size>
         <input_file_ref idref="fl-2"/>
      </object_component>
      <object_component id="oc-1bf">
         <name>.debug_abbrev</name>
         <load_address>0x2c8</load_address>
         <run_address>0x2c8</run_address>
         <size>0x29</size>
         <input_file_ref idref="fl-2"/>
      </object_component>
      <object_component id="oc-1ae">
         <name>.debug_abbrev</name>
         <load_address>0x2f1</load_address>
         <run_address>0x2f1</run_address>
         <size>0x29</size>
         <input_file_ref idref="fl-2"/>
      </object_component>
      <object_component id="oc-1ac">
         <name>.debug_abbrev</name>
         <load_address>0x31a</load_address>
         <run_address>0x31a</run_address>
         <size>0x29</size>
         <input_file_ref idref="fl-2"/>
      </object_component>
      <object_component id="oc-1b7">
         <name>.debug_abbrev</name>
         <load_address>0x343</load_address>
         <run_address>0x343</run_address>
         <size>0x29</size>
         <input_file_ref idref="fl-2"/>
      </object_component>
      <object_component id="oc-1b9">
         <name>.debug_abbrev</name>
         <load_address>0x36c</load_address>
         <run_address>0x36c</run_address>
         <size>0x29</size>
         <input_file_ref idref="fl-2"/>
      </object_component>
      <object_component id="oc-1bd">
         <name>.debug_abbrev</name>
         <load_address>0x395</load_address>
         <run_address>0x395</run_address>
         <size>0x29</size>
         <input_file_ref idref="fl-2"/>
      </object_component>
      <object_component id="oc-1bb">
         <name>.debug_abbrev</name>
         <load_address>0x3be</load_address>
         <run_address>0x3be</run_address>
         <size>0x29</size>
         <input_file_ref idref="fl-2"/>
      </object_component>
      <object_component id="oc-1c3">
         <name>.debug_abbrev</name>
         <load_address>0x3e7</load_address>
         <run_address>0x3e7</run_address>
         <size>0x29</size>
         <input_file_ref idref="fl-2"/>
      </object_component>
      <object_component id="oc-1c1">
         <name>.debug_abbrev</name>
         <load_address>0x410</load_address>
         <run_address>0x410</run_address>
         <size>0x29</size>
         <input_file_ref idref="fl-2"/>
      </object_component>
      <object_component id="oc-175">
         <name>.debug_abbrev</name>
         <load_address>0x439</load_address>
         <run_address>0x439</run_address>
         <size>0xb4</size>
         <input_file_ref idref="fl-2"/>
      </object_component>
      <object_component id="oc-17d">
         <name>.debug_abbrev</name>
         <load_address>0x4ed</load_address>
         <run_address>0x4ed</run_address>
         <size>0x69</size>
         <input_file_ref idref="fl-2"/>
      </object_component>
      <object_component id="oc-143">
         <name>.debug_abbrev</name>
         <load_address>0x556</load_address>
         <run_address>0x556</run_address>
         <size>0x44</size>
         <input_file_ref idref="fl-2"/>
      </object_component>
      <object_component id="oc-f3">
         <name>.debug_abbrev</name>
         <load_address>0x59a</load_address>
         <run_address>0x59a</run_address>
         <size>0x1f</size>
         <input_file_ref idref="fl-2"/>
      </object_component>
      <object_component id="oc-182">
         <name>.debug_abbrev</name>
         <load_address>0x5b9</load_address>
         <run_address>0x5b9</run_address>
         <size>0x5c</size>
         <input_file_ref idref="fl-2"/>
      </object_component>
      <object_component id="oc-f8">
         <name>.debug_abbrev</name>
         <load_address>0x615</load_address>
         <run_address>0x615</run_address>
         <size>0x24</size>
         <input_file_ref idref="fl-2"/>
      </object_component>
      <object_component id="oc-1b4">
         <name>.debug_abbrev</name>
         <load_address>0x639</load_address>
         <run_address>0x639</run_address>
         <size>0x83</size>
         <input_file_ref idref="fl-2"/>
      </object_component>
      <object_component id="oc-179">
         <name>.debug_abbrev</name>
         <load_address>0x6bc</load_address>
         <run_address>0x6bc</run_address>
         <size>0x120</size>
         <input_file_ref idref="fl-3"/>
      </object_component>
      <object_component id="oc-14c">
         <name>.debug_abbrev</name>
         <load_address>0x7dc</load_address>
         <run_address>0x7dc</run_address>
         <size>0x27</size>
         <input_file_ref idref="fl-3"/>
      </object_component>
      <object_component id="oc-177">
         <name>.debug_abbrev</name>
         <load_address>0x803</load_address>
         <run_address>0x803</run_address>
         <size>0x27</size>
         <input_file_ref idref="fl-3"/>
      </object_component>
      <object_component id="oc-f0">
         <name>.debug_abbrev</name>
         <load_address>0x82a</load_address>
         <run_address>0x82a</run_address>
         <size>0xe3</size>
         <input_file_ref idref="fl-3"/>
      </object_component>
      <object_component id="oc-fd">
         <name>.debug_abbrev</name>
         <load_address>0x90d</load_address>
         <run_address>0x90d</run_address>
         <size>0x4b</size>
         <input_file_ref idref="fl-3"/>
      </object_component>
      <object_component id="oc-1a5">
         <name>.debug_abbrev</name>
         <load_address>0x958</load_address>
         <run_address>0x958</run_address>
         <size>0x27</size>
         <input_file_ref idref="fl-4"/>
      </object_component>
      <object_component id="oc-140">
         <name>.debug_abbrev</name>
         <load_address>0x97f</load_address>
         <run_address>0x97f</run_address>
         <size>0xf5</size>
         <input_file_ref idref="fl-4"/>
      </object_component>
      <object_component id="oc-1ab">
         <name>.debug_abbrev</name>
         <load_address>0xa74</load_address>
         <run_address>0xa74</run_address>
         <size>0xa9</size>
         <input_file_ref idref="fl-5"/>
      </object_component>
      <object_component id="oc-1a7">
         <name>.debug_abbrev</name>
         <load_address>0xb1d</load_address>
         <run_address>0xb1d</run_address>
         <size>0x37</size>
         <input_file_ref idref="fl-6"/>
      </object_component>
      <object_component id="oc-148">
         <name>.debug_abbrev</name>
         <load_address>0xb54</load_address>
         <run_address>0xb54</run_address>
         <size>0x7c</size>
         <input_file_ref idref="fl-6"/>
      </object_component>
      <object_component id="oc-6e">
         <name>.debug_abbrev</name>
         <load_address>0xbd0</load_address>
         <run_address>0xbd0</run_address>
         <size>0x68</size>
         <input_file_ref idref="fl-7"/>
      </object_component>
      <object_component id="oc-2d">
         <name>.debug_abbrev</name>
         <load_address>0xc38</load_address>
         <run_address>0xc38</run_address>
         <size>0x29</size>
         <input_file_ref idref="fl-7"/>
      </object_component>
      <object_component id="oc-6d">
         <name>.debug_abbrev</name>
         <load_address>0xc61</load_address>
         <run_address>0xc61</run_address>
         <size>0x79</size>
         <input_file_ref idref="fl-7"/>
      </object_component>
      <object_component id="oc-1a9">
         <name>.debug_abbrev</name>
         <load_address>0xcda</load_address>
         <run_address>0xcda</run_address>
         <size>0x27</size>
         <input_file_ref idref="fl-8"/>
      </object_component>
      <object_component id="oc-14a">
         <name>.debug_abbrev</name>
         <load_address>0xd01</load_address>
         <run_address>0xd01</run_address>
         <size>0xa9</size>
         <input_file_ref idref="fl-8"/>
      </object_component>
      <object_component id="oc-176">
         <name>.debug_abbrev</name>
         <load_address>0xdaa</load_address>
         <run_address>0xdaa</run_address>
         <size>0x6c</size>
         <input_file_ref idref="fl-9"/>
      </object_component>
      <object_component id="oc-80">
         <name>.debug_abbrev</name>
         <load_address>0xe16</load_address>
         <run_address>0xe16</run_address>
         <size>0x3e</size>
         <input_file_ref idref="fl-c3"/>
      </object_component>
      <object_component id="oc-c1">
         <name>.debug_abbrev</name>
         <load_address>0xe54</load_address>
         <run_address>0xe54</run_address>
         <size>0x4f</size>
         <input_file_ref idref="fl-c4"/>
      </object_component>
      <object_component id="oc-bf">
         <name>.debug_abbrev</name>
         <load_address>0xea3</load_address>
         <run_address>0xea3</run_address>
         <size>0x5d</size>
         <input_file_ref idref="fl-c5"/>
      </object_component>
      <object_component id="oc-88">
         <name>.debug_abbrev</name>
         <load_address>0xf00</load_address>
         <run_address>0xf00</run_address>
         <size>0x6f</size>
         <input_file_ref idref="fl-c5"/>
      </object_component>
      <object_component id="oc-8b">
         <name>.debug_abbrev</name>
         <load_address>0xf6f</load_address>
         <run_address>0xf6f</run_address>
         <size>0x24</size>
         <input_file_ref idref="fl-c5"/>
      </object_component>
      <object_component id="oc-bc">
         <name>.debug_abbrev</name>
         <load_address>0xf93</load_address>
         <run_address>0xf93</run_address>
         <size>0x24</size>
         <input_file_ref idref="fl-c5"/>
      </object_component>
      <object_component id="oc-86">
         <name>.debug_abbrev</name>
         <load_address>0xfb7</load_address>
         <run_address>0xfb7</run_address>
         <size>0x37</size>
         <input_file_ref idref="fl-c6"/>
      </object_component>
      <object_component id="oc-40">
         <name>.debug_abbrev</name>
         <load_address>0xfee</load_address>
         <run_address>0xfee</run_address>
         <size>0x74</size>
         <input_file_ref idref="fl-c6"/>
      </object_component>
      <object_component id="oc-43">
         <name>.debug_abbrev</name>
         <load_address>0x1062</load_address>
         <run_address>0x1062</run_address>
         <size>0x24</size>
         <input_file_ref idref="fl-c6"/>
      </object_component>
      <object_component id="oc-83">
         <name>.debug_abbrev</name>
         <load_address>0x1086</load_address>
         <run_address>0x1086</run_address>
         <size>0x24</size>
         <input_file_ref idref="fl-c6"/>
      </object_component>
      <object_component id="oc-b8">
         <name>.debug_abbrev</name>
         <load_address>0x10aa</load_address>
         <run_address>0x10aa</run_address>
         <size>0x37</size>
         <input_file_ref idref="fl-c7"/>
      </object_component>
      <object_component id="oc-30">
         <name>.debug_abbrev</name>
         <load_address>0x10e1</load_address>
         <run_address>0x10e1</run_address>
         <size>0x6f</size>
         <input_file_ref idref="fl-c7"/>
      </object_component>
      <object_component id="oc-33">
         <name>.debug_abbrev</name>
         <load_address>0x1150</load_address>
         <run_address>0x1150</run_address>
         <size>0x24</size>
         <input_file_ref idref="fl-c7"/>
      </object_component>
      <object_component id="oc-b5">
         <name>.debug_abbrev</name>
         <load_address>0x1174</load_address>
         <run_address>0x1174</run_address>
         <size>0x35</size>
         <input_file_ref idref="fl-c7"/>
      </object_component>
      <object_component id="oc-7c">
         <name>.debug_abbrev</name>
         <load_address>0x11a9</load_address>
         <run_address>0x11a9</run_address>
         <size>0x24</size>
         <input_file_ref idref="fl-c7"/>
      </object_component>
      <object_component id="oc-6b">
         <name>.debug_abbrev</name>
         <load_address>0x11cd</load_address>
         <run_address>0x11cd</run_address>
         <size>0x29</size>
         <input_file_ref idref="fl-c8"/>
      </object_component>
      <object_component id="oc-a4">
         <name>.debug_abbrev</name>
         <load_address>0x11f6</load_address>
         <run_address>0x11f6</run_address>
         <size>0x55</size>
         <input_file_ref idref="fl-c8"/>
      </object_component>
      <object_component id="oc-1d3">
         <name>.debug_abbrev</name>
         <load_address>0x124b</load_address>
         <run_address>0x124b</run_address>
         <size>0xc0</size>
         <input_file_ref idref="fl-c9"/>
      </object_component>
      <object_component id="oc-18f">
         <name>.debug_abbrev</name>
         <load_address>0x130b</load_address>
         <run_address>0x130b</run_address>
         <size>0x7e</size>
         <input_file_ref idref="fl-c9"/>
      </object_component>
      <object_component id="oc-1d7">
         <name>.debug_abbrev</name>
         <load_address>0x1389</load_address>
         <run_address>0x1389</run_address>
         <size>0x24</size>
         <input_file_ref idref="fl-c9"/>
      </object_component>
      <object_component id="oc-1eb">
         <name>.debug_abbrev</name>
         <load_address>0x13ad</load_address>
         <run_address>0x13ad</run_address>
         <size>0x24</size>
         <input_file_ref idref="fl-c9"/>
      </object_component>
      <object_component id="oc-1dc">
         <name>.debug_abbrev</name>
         <load_address>0x13d1</load_address>
         <run_address>0x13d1</run_address>
         <size>0x24</size>
         <input_file_ref idref="fl-c9"/>
      </object_component>
      <object_component id="oc-1e1">
         <name>.debug_abbrev</name>
         <load_address>0x13f5</load_address>
         <run_address>0x13f5</run_address>
         <size>0x4b</size>
         <input_file_ref idref="fl-c9"/>
      </object_component>
      <object_component id="oc-c2">
         <name>.debug_abbrev</name>
         <load_address>0x1440</load_address>
         <run_address>0x1440</run_address>
         <size>0x55</size>
         <input_file_ref idref="fl-ca"/>
      </object_component>
      <object_component id="oc-185">
         <name>.debug_abbrev</name>
         <load_address>0x1495</load_address>
         <run_address>0x1495</run_address>
         <size>0x45</size>
         <input_file_ref idref="fl-cc"/>
      </object_component>
      <object_component id="oc-225">
         <name>.debug_abbrev</name>
         <load_address>0x14da</load_address>
         <run_address>0x14da</run_address>
         <size>0xf</size>
      </object_component>
      <object_component id="oc-74">
         <name>.debug_str</name>
         <load_address>0x0</load_address>
         <run_address>0x0</run_address>
         <size>0x2b7</size>
         <input_file_ref idref="fl-1"/>
      </object_component>
      <object_component id="oc-3a">
         <name>.debug_str</name>
         <load_address>0x2b7</load_address>
         <run_address>0x2b7</run_address>
         <size>0x100</size>
         <input_file_ref idref="fl-1"/>
      </object_component>
      <object_component id="oc-b1">
         <name>.debug_str</name>
         <load_address>0x3b7</load_address>
         <run_address>0x3b7</run_address>
         <size>0x346</size>
         <input_file_ref idref="fl-1"/>
      </object_component>
      <object_component id="oc-79">
         <name>.debug_str</name>
         <load_address>0x6fd</load_address>
         <run_address>0x6fd</run_address>
         <size>0x14f</size>
         <input_file_ref idref="fl-1"/>
      </object_component>
      <object_component id="oc-17f">
         <name>.debug_str</name>
         <load_address>0x84c</load_address>
         <run_address>0x84c</run_address>
         <size>0x2b6</size>
         <input_file_ref idref="fl-2"/>
      </object_component>
      <object_component id="oc-145">
         <name>.debug_str</name>
         <load_address>0xb02</load_address>
         <run_address>0xb02</run_address>
         <size>0xc7</size>
         <input_file_ref idref="fl-2"/>
      </object_component>
      <object_component id="oc-f5">
         <name>.debug_str</name>
         <load_address>0xbc9</load_address>
         <run_address>0xbc9</run_address>
         <size>0xff</size>
         <input_file_ref idref="fl-2"/>
      </object_component>
      <object_component id="oc-184">
         <name>.debug_str</name>
         <load_address>0xcc8</load_address>
         <run_address>0xcc8</run_address>
         <size>0x34c</size>
         <input_file_ref idref="fl-2"/>
      </object_component>
      <object_component id="oc-fa">
         <name>.debug_str</name>
         <load_address>0x1014</load_address>
         <run_address>0x1014</run_address>
         <size>0x14e</size>
         <input_file_ref idref="fl-2"/>
      </object_component>
      <object_component id="oc-1b6">
         <name>.debug_str</name>
         <load_address>0x1162</load_address>
         <run_address>0x1162</run_address>
         <size>0x2d6</size>
         <input_file_ref idref="fl-2"/>
      </object_component>
      <object_component id="oc-ff">
         <name>.debug_str</name>
         <load_address>0x1438</load_address>
         <run_address>0x1438</run_address>
         <size>0xcf</size>
         <input_file_ref idref="fl-3"/>
      </object_component>
      <object_component id="oc-8d">
         <name>.debug_str</name>
         <load_address>0x1507</load_address>
         <run_address>0x1507</run_address>
         <size>0x105</size>
         <input_file_ref idref="fl-c5"/>
      </object_component>
      <object_component id="oc-be">
         <name>.debug_str</name>
         <load_address>0x160c</load_address>
         <run_address>0x160c</run_address>
         <size>0x140</size>
         <input_file_ref idref="fl-c5"/>
      </object_component>
      <object_component id="oc-45">
         <name>.debug_str</name>
         <load_address>0x174c</load_address>
         <run_address>0x174c</run_address>
         <size>0x10b</size>
         <input_file_ref idref="fl-c6"/>
      </object_component>
      <object_component id="oc-85">
         <name>.debug_str</name>
         <load_address>0x1857</load_address>
         <run_address>0x1857</run_address>
         <size>0x140</size>
         <input_file_ref idref="fl-c6"/>
      </object_component>
      <object_component id="oc-35">
         <name>.debug_str</name>
         <load_address>0x1997</load_address>
         <run_address>0x1997</run_address>
         <size>0x118</size>
         <input_file_ref idref="fl-c7"/>
      </object_component>
      <object_component id="oc-b7">
         <name>.debug_str</name>
         <load_address>0x1aaf</load_address>
         <run_address>0x1aaf</run_address>
         <size>0x16b</size>
         <input_file_ref idref="fl-c7"/>
      </object_component>
      <object_component id="oc-7e">
         <name>.debug_str</name>
         <load_address>0x1c1a</load_address>
         <run_address>0x1c1a</run_address>
         <size>0x158</size>
         <input_file_ref idref="fl-c7"/>
      </object_component>
      <object_component id="oc-1d9">
         <name>.debug_str</name>
         <load_address>0x1d72</load_address>
         <run_address>0x1d72</run_address>
         <size>0xed</size>
         <input_file_ref idref="fl-c9"/>
      </object_component>
      <object_component id="oc-1ed">
         <name>.debug_str</name>
         <load_address>0x1e5f</load_address>
         <run_address>0x1e5f</run_address>
         <size>0x157</size>
         <input_file_ref idref="fl-c9"/>
      </object_component>
      <object_component id="oc-1de">
         <name>.debug_str</name>
         <load_address>0x1fb6</load_address>
         <run_address>0x1fb6</run_address>
         <size>0x150</size>
         <input_file_ref idref="fl-c9"/>
      </object_component>
      <object_component id="oc-1e3">
         <name>.debug_str</name>
         <load_address>0x2106</load_address>
         <run_address>0x2106</run_address>
         <size>0x197</size>
         <input_file_ref idref="fl-c9"/>
      </object_component>
      <object_component id="oc-cb">
         <name>.debug_aranges</name>
         <load_address>0x0</load_address>
         <run_address>0x0</run_address>
         <size>0x30</size>
         <input_file_ref idref="fl-1"/>
      </object_component>
      <object_component id="oc-e0">
         <name>.debug_aranges</name>
         <load_address>0x30</load_address>
         <run_address>0x30</run_address>
         <size>0x240</size>
         <input_file_ref idref="fl-2"/>
      </object_component>
      <object_component id="oc-9d">
         <name>.debug_aranges</name>
         <load_address>0x270</load_address>
         <run_address>0x270</run_address>
         <size>0x60</size>
         <input_file_ref idref="fl-3"/>
      </object_component>
      <object_component id="oc-c5">
         <name>.debug_aranges</name>
         <load_address>0x2d0</load_address>
         <run_address>0x2d0</run_address>
         <size>0xd0</size>
         <input_file_ref idref="fl-4"/>
      </object_component>
      <object_component id="oc-150">
         <name>.debug_aranges</name>
         <load_address>0x3a0</load_address>
         <run_address>0x3a0</run_address>
         <size>0x40</size>
         <input_file_ref idref="fl-5"/>
      </object_component>
      <object_component id="oc-d1">
         <name>.debug_aranges</name>
         <load_address>0x3e0</load_address>
         <run_address>0x3e0</run_address>
         <size>0x48</size>
         <input_file_ref idref="fl-6"/>
      </object_component>
      <object_component id="oc-29">
         <name>.debug_aranges</name>
         <load_address>0x428</load_address>
         <run_address>0x428</run_address>
         <size>0x38</size>
         <input_file_ref idref="fl-7"/>
      </object_component>
      <object_component id="oc-d7">
         <name>.debug_aranges</name>
         <load_address>0x460</load_address>
         <run_address>0x460</run_address>
         <size>0x48</size>
         <input_file_ref idref="fl-8"/>
      </object_component>
      <object_component id="oc-e6">
         <name>.debug_aranges</name>
         <load_address>0x4a8</load_address>
         <run_address>0x4a8</run_address>
         <size>0x20</size>
         <input_file_ref idref="fl-9"/>
      </object_component>
      <object_component id="oc-3d">
         <name>.debug_aranges</name>
         <load_address>0x4c8</load_address>
         <run_address>0x4c8</run_address>
         <size>0x20</size>
         <input_file_ref idref="fl-c3"/>
      </object_component>
      <object_component id="oc-91">
         <name>.debug_aranges</name>
         <load_address>0x4e8</load_address>
         <run_address>0x4e8</run_address>
         <size>0x28</size>
         <input_file_ref idref="fl-c4"/>
      </object_component>
      <object_component id="oc-49">
         <name>.debug_aranges</name>
         <load_address>0x510</load_address>
         <run_address>0x510</run_address>
         <size>0x20</size>
         <input_file_ref idref="fl-c5"/>
      </object_component>
      <object_component id="oc-1d">
         <name>.debug_aranges</name>
         <load_address>0x530</load_address>
         <run_address>0x530</run_address>
         <size>0x20</size>
         <input_file_ref idref="fl-c6"/>
      </object_component>
      <object_component id="oc-17">
         <name>.debug_aranges</name>
         <load_address>0x550</load_address>
         <run_address>0x550</run_address>
         <size>0x20</size>
         <input_file_ref idref="fl-c7"/>
      </object_component>
      <object_component id="oc-5b">
         <name>.debug_aranges</name>
         <load_address>0x570</load_address>
         <run_address>0x570</run_address>
         <size>0x20</size>
         <input_file_ref idref="fl-c8"/>
      </object_component>
      <object_component id="oc-10e">
         <name>.debug_aranges</name>
         <load_address>0x590</load_address>
         <run_address>0x590</run_address>
         <size>0x20</size>
         <input_file_ref idref="fl-c9"/>
      </object_component>
      <object_component id="oc-97">
         <name>.debug_aranges</name>
         <load_address>0x5b0</load_address>
         <run_address>0x5b0</run_address>
         <size>0x20</size>
         <input_file_ref idref="fl-ca"/>
      </object_component>
      <object_component id="oc-102">
         <name>.debug_aranges</name>
         <load_address>0x5d0</load_address>
         <run_address>0x5d0</run_address>
         <size>0x20</size>
         <input_file_ref idref="fl-cc"/>
      </object_component>
      <object_component id="oc-cc">
         <name>.debug_pubnames</name>
         <load_address>0x0</load_address>
         <run_address>0x0</run_address>
         <size>0x40</size>
         <input_file_ref idref="fl-1"/>
      </object_component>
      <object_component id="oc-15c">
         <name>.debug_pubnames</name>
         <load_address>0x40</load_address>
         <run_address>0x40</run_address>
         <size>0x4a</size>
         <input_file_ref idref="fl-2"/>
      </object_component>
      <object_component id="oc-16b">
         <name>.debug_pubnames</name>
         <load_address>0x8a</load_address>
         <run_address>0x8a</run_address>
         <size>0x24</size>
         <input_file_ref idref="fl-2"/>
      </object_component>
      <object_component id="oc-159">
         <name>.debug_pubnames</name>
         <load_address>0xae</load_address>
         <run_address>0xae</run_address>
         <size>0xb7</size>
         <input_file_ref idref="fl-2"/>
      </object_component>
      <object_component id="oc-156">
         <name>.debug_pubnames</name>
         <load_address>0x165</load_address>
         <run_address>0x165</run_address>
         <size>0x21</size>
         <input_file_ref idref="fl-2"/>
      </object_component>
      <object_component id="oc-15f">
         <name>.debug_pubnames</name>
         <load_address>0x186</load_address>
         <run_address>0x186</run_address>
         <size>0x20</size>
         <input_file_ref idref="fl-2"/>
      </object_component>
[...]
      </symbol>
      <symbol id="sm-248">
         <name>etherSetMacAddress</name>
         <value>0x15bd</value>
         <object_component_ref idref="oc-de"/>
      </symbol>
      <symbol id="sm-249">
         <name>sendTcpMsg</name>
         <value>0x1f25</value>
         <object_component_ref idref="oc-de"/>
      </symbol>
      <symbol id="sm-24a">
         <name>etherIsArpResponse</name>
         <value>0xc79</value>
         <object_component_ref idref="oc-de"/>
      </symbol>
      <symbol id="sm-24b">
         <name>etherSendArpRequest</name>
         <value>0xedf</value>
         <object_component_ref idref="oc-de"/>
      </symbol>
      <symbol id="sm-24c">
         <name>etherIsDataAvailable</name>
         <value>0x65b</value>
         <object_component_ref idref="oc-de"/>
      </symbol>
      <symbol id="sm-24d">
         <name>etherIsArpRequest</name>
         <value>0xbd1</value>
         <object_component_ref idref="oc-de"/>
      </symbol>
      <symbol id="sm-24e">
         <name>clear_command_recv</name>
         <value>0x2693</value>
         <object_component_ref idref="oc-de"/>
      </symbol>
      <symbol id="sm-24f">
         <name>etherClearReg</name>
         <value>0x32b</value>
         <object_component_ref idref="oc-de"/>
      </symbol>
      <symbol id="sm-250">
         <name>etherGetUdpData</name>
         <value>0x112b</value>
         <object_component_ref idref="oc-de"/>
      </symbol>
      <symbol id="sm-251">
         <name>etherInit</name>
         <value>0x477</value>
         <object_component_ref idref="oc-de"/>
      </symbol>
      <symbol id="sm-252">
         <name>nextPacketMsb</name>
         <value>0x20002f3f</value>
         <object_component_ref idref="oc-157"/>
      </symbol>
      <symbol id="sm-253">
         <name>etherWriteReg</name>
         <value>0x291</value>
         <object_component_ref idref="oc-de"/>
      </symbol>
      <symbol id="sm-254">
         <name>get_siaddr</name>
         <value>0x1eb7</value>
         <object_component_ref idref="oc-de"/>
      </symbol>
      <symbol id="sm-255">
         <name>etherSetBank</name>
         <value>0x35f</value>
         <object_component_ref idref="oc-de"/>
      </symbol>
      <symbol id="sm-256">
         <name>etherIsUdp</name>
         <value>0xff1</value>
         <object_component_ref idref="oc-de"/>
      </symbol>
      <symbol id="sm-257">
         <name>matchesXid</name>
         <value>0x1af9</value>
         <object_component_ref idref="oc-de"/>
      </symbol>
      <symbol id="sm-258">
         <name>etherWriteMem</name>
         <value>0x431</value>
         <object_component_ref idref="oc-de"/>
      </symbol>
      <symbol id="sm-259">
         <name>etherSetReg</name>
         <value>0x2f7</value>
         <object_component_ref idref="oc-de"/>
      </symbol>
      <symbol id="sm-25a">
         <name>etherGetIpGatewayAddress</name>
         <value>0x1583</value>
         <object_component_ref idref="oc-de"/>
      </symbol>
      <symbol id="sm-25b">
         <name>etherSetIpGatewayAddress</name>
         <value>0x154b</value>
         <object_component_ref idref="oc-de"/>
      </symbol>
      <symbol id="sm-25c">
         <name>ip_udp</name>
         <value>0x20002f3c</value>
         <object_component_ref idref="oc-157"/>
      </symbol>
      <symbol id="sm-25d">
         <name>get_tcp_flags</name>
         <value>0x1ef1</value>
         <object_component_ref idref="oc-de"/>
      </symbol>
      <symbol id="sm-25e">
         <name>macAddress</name>
         <value>0x20002f55</value>
         <object_component_ref idref="oc-154"/>
      </symbol>
      <symbol id="sm-25f">
         <name>ack_num</name>
         <value>0x20002f50</value>
         <object_component_ref idref="oc-157"/>
      </symbol>
      <symbol id="sm-260">
         <name>etherSumWords</name>
         <value>0x873</value>
         <object_component_ref idref="oc-de"/>
      </symbol>
      <symbol id="sm-261">
         <name>etherIsPingRequest</name>
         <value>0xa71</value>
         <object_component_ref idref="oc-de"/>
      </symbol>
      <symbol id="sm-262">
         <name>etherIsIp</name>
         <value>0x995</value>
         <object_component_ref idref="oc-de"/>
      </symbol>
      <symbol id="sm-263">
         <name>ipAddress</name>
         <value>0x20002f5b</value>
         <object_component_ref idref="oc-15d"/>
      </symbol>
      <symbol id="sm-264">
         <name>etherSendGratuitousArpResponse</name>
         <value>0xdff</value>
         <object_component_ref idref="oc-de"/>
      </symbol>
      <symbol id="sm-265">
         <name>etherSendPingResponse</name>
         <value>0xab9</value>
         <object_component_ref idref="oc-de"/>
      </symbol>
      <symbol id="sm-266">
         <name>nextPacketLsb</name>
         <value>0x20002f3e</value>
         <object_component_ref idref="oc-157"/>
      </symbol>
      <symbol id="sm-267">
         <name>copy_command</name>
         <value>0x269b</value>
         <object_component_ref idref="oc-de"/>
      </symbol>
      <symbol id="sm-268">
         <name>etherGetIpDnsServer</name>
         <value>0x1511</value>
         <object_component_ref idref="oc-de"/>
      </symbol>
      <symbol id="sm-269">
         <name>etherGetId</name>
         <value>0x131f</value>
         <object_component_ref idref="oc-de"/>
      </symbol>
      <symbol id="sm-26a">
         <name>etherReadPhy</name>
         <value>0x3b3</value>
         <object_component_ref idref="oc-de"/>
      </symbol>
      <symbol id="sm-26b">
         <name>etherCalcIpChecksum</name>
         <value>0x939</value>
         <object_component_ref idref="oc-de"/>
      </symbol>
      <symbol id="sm-26c">
         <name>will_wont</name>
         <value>0x26a9</value>
         <object_component_ref idref="oc-de"/>
      </symbol>
      <symbol id="sm-26d">
         <name>etherSetIpDnsServer</name>
         <value>0x14d9</value>
         <object_component_ref idref="oc-de"/>
      </symbol>
      <symbol id="sm-26e">
         <name>etherEnableDhcpMode</name>
         <value>0x1339</value>
         <object_component_ref idref="oc-de"/>
      </symbol>
      <symbol id="sm-26f">
         <name>etherCsOn</name>
         <value>0x26d</value>
         <object_component_ref idref="oc-de"/>
      </symbol>
      <symbol id="sm-270">
         <name>etherIsTcp</name>
         <value>0x1e51</value>
         <object_component_ref idref="oc-de"/>
      </symbol>
      <symbol id="sm-271">
         <name>seq_num</name>
         <value>0x20002f4c</value>
         <object_component_ref idref="oc-157"/>
      </symbol>
      <symbol id="sm-272">
         <name>broadcast_mac</name>
         <value>0x44a4</value>
         <object_component_ref idref="oc-169"/>
      </symbol>
      <symbol id="sm-273">
         <name>siaddr</name>
         <value>0x20002f6b</value>
         <object_component_ref idref="oc-16f"/>
      </symbol>
      <symbol id="sm-274">
         <name>etherWriteMemStart</name>
         <value>0x41f</value>
         <object_component_ref idref="oc-de"/>
      </symbol>
      <symbol id="sm-275">
         <name>ip_tcp</name>
         <value>0x20002f3d</value>
         <object_component_ref idref="oc-157"/>
      </symbol>
      <symbol id="sm-276">
         <name>yiaddr</name>
         <value>0x20002f6f</value>
         <object_component_ref idref="oc-16c"/>
      </symbol>
      <symbol id="sm-277">
         <name>etherPutPacket</name>
         <value>0x791</value>
         <object_component_ref idref="oc-de"/>
      </symbol>
      <symbol id="sm-278">
         <name>getPortNum</name>
         <value>0x1ea9</value>
         <object_component_ref idref="oc-de"/>
      </symbol>
      <symbol id="sm-279">
         <name>command_pending</name>
         <value>0x20002f54</value>
         <object_component_ref idref="oc-157"/>
      </symbol>
      <symbol id="sm-27a">
         <name>sequenceId</name>
         <value>0x20002f40</value>
         <object_component_ref idref="oc-157"/>
      </symbol>
      <symbol id="sm-334">
         <name>no_payload</name>
         <value>0x20002ee0</value>
      </symbol>
      <symbol id="sm-335">
         <name>initHw</name>
         <value>0x26e1</value>
         <object_component_ref idref="oc-9b"/>
      </symbol>
      <symbol id="sm-336">
         <name>isCommand</name>
         <value>0x2815</value>
         <object_component_ref idref="oc-9b"/>
      </symbol>
      <symbol id="sm-337">
         <name>putMenu</name>
         <value>0x2a61</value>
         <object_component_ref idref="oc-9b"/>
      </symbol>
      <symbol id="sm-338">
         <name>displayConnectionInfo</name>
         <value>0x298d</value>
         <object_component_ref idref="oc-9b"/>
      </symbol>
      <symbol id="sm-339">
         <name>putIpUart0</name>
         <value>0x2937</value>
         <object_component_ref idref="oc-9b"/>
      </symbol>
      <symbol id="sm-33a">
         <name>main</name>
         <value>0x2ae7</value>
         <object_component_ref idref="oc-9b"/>
      </symbol>
      <symbol id="sm-33b">
         <name>tokenize_string</name>
         <value>0x2741</value>
         <object_component_ref idref="oc-9b"/>
      </symbol>
      <symbol id="sm-33c">
         <name>is_alphanumeric</name>
         <value>0x271b</value>
         <object_component_ref idref="oc-9b"/>
      </symbol>
      <symbol id="sm-33d">
         <name>getsUart0</name>
         <value>0x2883</value>
         <object_component_ref idref="oc-9b"/>
      </symbol>
      <symbol id="sm-3b1">
         <name>selectPinInterruptBothEdges</name>
         <value>0x388f</value>
         <object_component_ref idref="oc-c3"/>
      </symbol>
      <symbol id="sm-3b2">
         <name>getPortValue</name>
         <value>0x3a7d</value>
         <object_component_ref idref="oc-c3"/>
      </symbol>
      <symbol id="sm-3b3">
         <name>selectPinAnalogInput</name>
         <value>0x3573</value>
         <object_component_ref idref="oc-c3"/>
      </symbol>
      <symbol id="sm-3b4">
         <name>selectPinPushPullOutput</name>
         <value>0x3489</value>
         <object_component_ref idref="oc-c3"/>
      </symbol>
      <symbol id="sm-3b5">
         <name>selectPinInterruptHighLevel</name>
         <value>0x38e5</value>
         <object_component_ref idref="oc-c3"/>
      </symbol>
      <symbol id="sm-3b6">
         <name>selectPinInterruptFallingEdge</name>
         <value>0x383f</value>
         <object_component_ref idref="oc-c3"/>
      </symbol>
      <symbol id="sm-3b7">
         <name>selectPinOpenDrainOutput</name>
         <value>0x34d7</value>
         <object_component_ref idref="oc-c3"/>
      </symbol>
      <symbol id="sm-3b8">
         <name>selectPinInterruptLowLevel</name>
         <value>0x391f</value>
         <object_component_ref idref="oc-c3"/>
      </symbol>
      <symbol id="sm-3b9">
         <name>setPortValue</name>
         <value>0x39f9</value>
         <object_component_ref idref="oc-c3"/>
      </symbol>
      <symbol id="sm-3ba">
         <name>enablePinInterrupt</name>
         <value>0x3959</value>
         <object_component_ref idref="oc-c3"/>
      </symbol>
      <symbol id="sm-3bb">
         <name>setPinAuxFunction</name>
         <value>0x36dd</value>
         <object_component_ref idref="oc-c3"/>
      </symbol>
      <symbol id="sm-3bc">
         <name>enablePort</name>
         <value>0x334d</value>
         <object_component_ref idref="oc-c3"/>
      </symbol>
      <symbol id="sm-3bd">
         <name>disablePinPulldown</name>
         <value>0x36b5</value>
         <object_component_ref idref="oc-c3"/>
      </symbol>
      <symbol id="sm-3be">
         <name>setPinCommitControl</name>
         <value>0x35c3</value>
         <object_component_ref idref="oc-c3"/>
      </symbol>
      <symbol id="sm-3bf">
         <name>disablePort</name>
         <value>0x3409</value>
         <object_component_ref idref="oc-c3"/>
      </symbol>
      <symbol id="sm-3c0">
         <name>disablePinInterrupt</name>
         <value>0x397d</value>
         <object_component_ref idref="oc-c3"/>
      </symbol>
      <symbol id="sm-3c1">
         <name>enablePinPullup</name>
         <value>0x363f</value>
         <object_component_ref idref="oc-c3"/>
      </symbol>
      <symbol id="sm-3c2">
         <name>getPinValue</name>
         <value>0x39c7</value>
         <object_component_ref idref="oc-c3"/>
      </symbol>
      <symbol id="sm-3c3">
         <name>enablePinPulldown</name>
         <value>0x3691</value>
         <object_component_ref idref="oc-c3"/>
      </symbol>
      <symbol id="sm-3c4">
         <name>disablePinPullup</name>
         <value>0x366d</value>
         <object_component_ref idref="oc-c3"/>
      </symbol>
      <symbol id="sm-3c5">
         <name>selectPinDigitalInput</name>
         <value>0x3525</value>
         <object_component_ref idref="oc-c3"/>
      </symbol>
      <symbol id="sm-3c6">
         <name>selectPinInterruptRisingEdge</name>
         <value>0x37ef</value>
         <object_component_ref idref="oc-c3"/>
      </symbol>
      <symbol id="sm-3c7">
         <name>setPinValue</name>
         <value>0x39a1</value>
         <object_component_ref idref="oc-c3"/>
      </symbol>
      <symbol id="sm-3e3">
         <name>setSpi0Mode</name>
         <value>0x40a7</value>
         <object_component_ref idref="oc-14e"/>
      </symbol>
      <symbol id="sm-3e4">
         <name>readSpi0Data</name>
         <value>0x410d</value>
         <object_component_ref idref="oc-14e"/>
      </symbol>
      <symbol id="sm-3e5">
         <name>writeSpi0Data</name>
         <value>0x40f5</value>
         <object_component_ref idref="oc-14e"/>
      </symbol>
      <symbol id="sm-3e6">
         <name>initSpi0</name>
         <value>0x3fd5</value>
         <object_component_ref idref="oc-14e"/>
      </symbol>
      <symbol id="sm-3e7">
         <name>setSpi0BaudRate</name>
         <value>0x4071</value>
         <object_component_ref idref="oc-14e"/>
      </symbol>
      <symbol id="sm-413">
         <name>htoa</name>
         <value>0x3b0d</value>
         <object_component_ref idref="oc-cf"/>
      </symbol>
      <symbol id="sm-414">
         <name>strcpy</name>
         <value>0x3ccf</value>
         <object_component_ref idref="oc-cf"/>
      </symbol>
      <symbol id="sm-415">
         <name>strlen</name>
         <value>0x3d15</value>
         <object_component_ref idref="oc-cf"/>
      </symbol>
      <symbol id="sm-416">
         <name>atoi</name>
         <value>0x3db7</value>
         <object_component_ref idref="oc-cf"/>
      </symbol>
      <symbol id="sm-417">
         <name>strcmp</name>
         <value>0x3d3d</value>
         <object_component_ref idref="oc-cf"/>
      </symbol>
      <symbol id="sm-418">
         <name>itoa</name>
         <value>0x3be5</value>
         <object_component_ref idref="oc-cf"/>
      </symbol>
      <symbol id="sm-434">
         <name>ResetISR</name>
         <value>0x43ff</value>
         <object_component_ref idref="oc-27"/>
      </symbol>
      <symbol id="sm-435">
         <name>g_pfnVectors</name>
         <value>0x0</value>
         <object_component_ref idref="oc-12"/>
      </symbol>
      <symbol id="sm-460">
         <name>getcUart0</name>
         <value>0x3f61</value>
         <object_component_ref idref="oc-d5"/>
      </symbol>
      <symbol id="sm-461">
         <name>kbhitUart0</name>
         <value>0x3f75</value>
         <object_component_ref idref="oc-d5"/>
      </symbol>
      <symbol id="sm-462">
         <name>setUart0BaudRate</name>
         <value>0x3eed</value>
         <object_component_ref idref="oc-d5"/>
      </symbol>
      <symbol id="sm-463">
         <name>putsUart0</name>
         <value>0x3f35</value>
         <object_component_ref idref="oc-d5"/>
      </symbol>
      <symbol id="sm-464">
         <name>initUart0</name>
         <value>0x3e59</value>
         <object_component_ref idref="oc-d5"/>
      </symbol>
      <symbol id="sm-465">
         <name>putcUart0</name>
         <value>0x3f19</value>
         <object_component_ref idref="oc-d5"/>
      </symbol>
      <symbol id="sm-473">
         <name>waitMicrosecond</name>
         <value>0x43b1</value>
         <object_component_ref idref="oc-e4"/>
      </symbol>
      <symbol id="sm-48e">
         <name>memcpy</name>
         <value>0x4135</value>
         <object_component_ref idref="oc-3b"/>
      </symbol>
      <symbol id="sm-48f">
         <name>__aeabi_memcpy</name>
         <value>0x4135</value>
         <object_component_ref idref="oc-3b"/>
      </symbol>
      <symbol id="sm-490">
         <name>__aeabi_memcpy8</name>
         <value>0x4135</value>
         <object_component_ref idref="oc-3b"/>
      </symbol>
      <symbol id="sm-491">
         <name>__aeabi_memcpy4</name>
         <value>0x4135</value>
         <object_component_ref idref="oc-3b"/>
      </symbol>
      <symbol id="sm-4a0">
         <name>__aeabi_memset</name>
         <value>0x4257</value>
         <object_component_ref idref="oc-8f"/>
      </symbol>
      <symbol id="sm-4a1">
         <name>memset</name>
         <value>0x425d</value>
         <object_component_ref idref="oc-8f"/>
      </symbol>
      <symbol id="sm-4a2">
         <name>__aeabi_memset8</name>
         <value>0x4257</value>
         <object_component_ref idref="oc-8f"/>
      </symbol>
      <symbol id="sm-4a3">
         <name>__aeabi_memset4</name>
         <value>0x4257</value>
         <object_component_ref idref="oc-8f"/>
      </symbol>
      <symbol id="sm-4a4">
         <name>__aeabi_memclr8</name>
         <value>0x4255</value>
         <object_component_ref idref="oc-8f"/>
      </symbol>
      <symbol id="sm-4a5">
         <name>__aeabi_memclr4</name>
         <value>0x4255</value>
         <object_component_ref idref="oc-8f"/>
      </symbol>
      <symbol id="sm-4a6">
         <name>__aeabi_memclr</name>
         <value>0x4255</value>
         <object_component_ref idref="oc-8f"/>
      </symbol>
      <symbol id="sm-4bf">
         <name>__TI_zero_init_nomemset</name>
         <value>0x43d5</value>
         <object_component_ref idref="oc-47"/>
      </symbol>
      <symbol id="sm-4d6">
         <name>__TI_decompress_none</name>
         <value>0x43f1</value>
         <object_component_ref idref="oc-1b"/>
      </symbol>
      <symbol id="sm-4f9">
         <name>__TI_decompress_lzss</name>
         <value>0x42cf</value>
         <object_component_ref idref="oc-15"/>
      </symbol>
      <symbol id="sm-50c">
         <name>__stack</name>
         <value>0x20000000</value>
         <object_component_ref idref="oc-24"/>
      </symbol>
      <symbol id="sm-50d">
         <name>_c_int00_noargs</name>
         <value>0x437d</value>
         <object_component_ref idref="oc-59"/>
      </symbol>
      <symbol id="sm-535">
         <name>__TI_auto_init_nobinit_nopinit</name>
         <value>0x4339</value>
         <object_component_ref idref="oc-10c"/>
      </symbol>
      <symbol id="sm-53f">
         <name>_system_pre_init</name>
         <value>0x440b</value>
         <object_component_ref idref="oc-95"/>
      </symbol>
      <symbol id="sm-54b">
         <name>C$$EXIT</name>
         <value>0x440f</value>
         <object_component_ref idref="oc-100"/>
      </symbol>
      <symbol id="sm-54c">
         <name>abort</name>
         <value>0x440f</value>
         <object_component_ref idref="oc-100"/>
      </symbol>
      <symbol id="sm-54f">
         <name>__TI_static_base__</name>
         <value>0x0</value>
      </symbol>
      <symbol id="sm-552">
         <name>__mpu_init</name>
         <value>0x0</value>
      </symbol>
      <symbol id="sm-553">
         <name>_system_post_cinit</name>
         <value>0x0</value>
      </symbol>
   </symbol_table>
   <title>Link successful</title>
</link_info>
