******************************************************************************
                  TI ARM Linker Unix v20.2.0                   
******************************************************************************
>> Linked Tue Apr 21 16:04:52 2020

OUTPUT FILE NAME:   <ethernet.out>
ENTRY POINT SYMBOL: "_c_int00_noargs"  address: 0000437d


MEMORY CONFIGURATION

         name            origin    length      used     unused   attr    fill
----------------------  --------  ---------  --------  --------  ----  --------
  FLASH                 00000000   00040000  000044fa  0003bb06  R  X
  SRAM                  20000000   00008000  00002f70  00005090  RW X


SEGMENT ALLOCATION MAP

run origin  load origin   length   init length attrs members
----------  ----------- ---------- ----------- ----- -------
00000000    00000000    00004500   00004500    r-x
  00000000    00000000    0000026c   0000026c    r-- .intvecs
  0000026c    0000026c    000041a6   000041a6    r-x .text
  00004412    00004412    00000098   00000098    r-- .const
  000044b0    000044b0    00000050   00000050    r-- .cinit
20000000    20000000    00002f73   00000000    rw-
  20000000    20000000    00002ee0   00000000    rw- .stack
  20002ee0    20002ee0    00000059   00000000    rw- .bss
  20002f3c    20002f3c    00000037   00000000    rw- .data


SECTION ALLOCATION MAP

 output                                  attributes/
section   page    origin      length       input sections
--------  ----  ----------  ----------   ----------------
.intvecs   0    00000000    0000026c     
                  00000000    0000026c     tm4c123gh6pm_startup_ccs.obj (.intvecs)

.text      0    0000026c    000041a6     
                  0000026c    00002474     eth0.obj (.text)
                  000026e0    00000c6c     ethernet.obj (.text)
                  0000334c    000007c0     gpio.obj (.text)
                  00003b0c    0000034a     str.obj (.text)
                  00003e56    00000002     --HOLE-- [fill = 0]
                  00003e58    0000017c     uart0.obj (.text)
                  00003fd4    00000160     spi0.obj (.text)
                  00004134    0000009c     rtsv7M4_T_le_v4SPD16_eabi.lib : memcpy_t2.asm.obj (.text)
                  000041d0    00000084     eeprom.obj (.text)
                  00004254    0000007a     rtsv7M4_T_le_v4SPD16_eabi.lib : memset_t2.asm.obj (.text)
                  000042ce    00000068                                   : copy_decompress_lzss.c.obj (.text:decompress:lzss:__TI_decompress_lzss)
                  00004336    00000002     --HOLE-- [fill = 0]
                  00004338    00000044                                   : autoinit.c.obj (.text:__TI_auto_init_nobinit_nopinit:__TI_auto_init_nobinit_nopinit)
                  0000437c    00000034                                   : boot_cortex_m.c.obj (.text:_c_int00_noargs:_c_int00_noargs)
                  000043b0    00000024     wait.obj (.text)
                  000043d4    0000001c     rtsv7M4_T_le_v4SPD16_eabi.lib : copy_zero_init.c.obj (.text:decompress:ZI:__TI_zero_init_nomemset:__TI_zero_init_nomemset)
                  000043f0    0000000e                                   : copy_decompress_none.c.obj (.text:decompress:none:__TI_decompress_none)
                  000043fe    0000000c     tm4c123gh6pm_startup_ccs.obj (.text)
                  0000440a    00000004     rtsv7M4_T_le_v4SPD16_eabi.lib : pre_init.c.obj (.text:_system_pre_init)
                  0000440e    00000004                                   : exit.c.obj (.text:abort:abort)

.const     0    00004412    00000098     
                  00004412    00000080     ethernet.obj (.const:.string:$P$T0$1)
                  00004492    00000012     ethernet.obj (.const:.string:$P$T1$2)
                  000044a4    00000006     eth0.obj (.const:.string:broadcast_mac)

.cinit     0    000044b0    00000050     
                  000044b0    00000027     (.cinit..data.load) [load image, compression = lzss]
                  000044d7    00000001     --HOLE-- [fill = 0]
                  000044d8    0000000c     (__TI_handler_table)
                  000044e4    00000004     --HOLE-- [fill = 0]
                  000044e8    00000008     (.cinit..bss.load) [load image, compression = zero_init]
                  000044f0    00000010     (__TI_cinit_table)

.init_array 
*          0    00000000    00000000     UNINITIALIZED

.bss       0    20002ee0    00000059     UNINITIALIZED
                  20002ee0    00000050     (.common:telnet_command)
                  20002f30    00000004     (.common:lease_time)
                  20002f34    00000004     (.common:sum)
                  20002f38    00000001     (.common:tcp_flags)

.data      0    20002f3c    00000037     UNINITIALIZED
                  20002f3c    00000019     eth0.obj (.data)
                  20002f55    00000006     eth0.obj (.data:macAddress)
                  20002f5b    00000004     eth0.obj (.data:ipAddress)
                  20002f5f    00000004     eth0.obj (.data:ipDnsServer)
                  20002f63    00000004     eth0.obj (.data:ipGwAddress)
                  20002f67    00000004     eth0.obj (.data:ipSubnetMask)
                  20002f6b    00000004     eth0.obj (.data:siaddr)
                  20002f6f    00000004     eth0.obj (.data:yiaddr)

.stack     0    20000000    00002ee0     UNINITIALIZED
                  20000000    00000004     rtsv7M4_T_le_v4SPD16_eabi.lib : boot_cortex_m.c.obj (.stack)
                  20000004    00002edc     --HOLE--

__llvm_prf_cnts 
*          0    20000000    00000000     UNINITIALIZED

MODULE SUMMARY

       Module                         code    ro data   rw data
       ------                         ----    -------   -------
    ./
       eth0.obj                       9332    6         144    
       ethernet.obj                   3180    146       0      
       gpio.obj                       1984    0         0      
       str.obj                        842     0         0      
       tm4c123gh6pm_startup_ccs.obj   12      620       0      
       uart0.obj                      380     0         0      
       spi0.obj                       352     0         0      
       eeprom.obj                     132     0         0      
       wait.obj                       36      0         0      
    +--+------------------------------+-------+---------+---------+
       Total:                         16250   772       144    
                                                               
    /Applications/ti/ccs1000/ccs/tools/compiler/ti-cgt-arm_20.2.0.LTS/lib/rtsv7M4_T_le_v4SPD16_eabi.lib
       memcpy_t2.asm.obj              156     0         0      
       memset_t2.asm.obj              122     0         0      
       copy_decompress_lzss.c.obj     104     0         0      
       autoinit.c.obj                 68      0         0      
       boot_cortex_m.c.obj            52      0         0      
       copy_zero_init.c.obj           28      0         0      
       copy_decompress_none.c.obj     14      0         0      
       exit.c.obj                     4       0         0      
       pre_init.c.obj                 4       0         0      
    +--+------------------------------+-------+---------+---------+
       Total:                         552     0         0      
                                                               
       Stack:                         0       0         12000  
       Linker Generated:              0       75        0      
    +--+------------------------------+-------+---------+---------+
       Grand Total:                   16802   847       12144  


LINKER GENERATED COPY TABLES

__TI_cinit_table @ 000044f0 records: 2, size/record: 8, table size: 16
	.data: load addr=000044b0, load size=00000027 bytes, run addr=20002f3c, run size=00000037 bytes, compression=lzss
	.bss: load addr=000044e8, load size=00000008 bytes, run addr=20002ee0, run size=00000059 bytes, compression=zero_init


LINKER GENERATED HANDLER TABLE

__TI_handler_table @ 000044d8 records: 3, size/record: 4, table size: 12
	index: 0, handler: __TI_decompress_lzss
	index: 1, handler: __TI_decompress_none
	index: 2, handler: __TI_zero_init


GLOBAL SYMBOLS: SORTED ALPHABETICALLY BY Name 

address   name                          
-------   ----                          
0000440f  C$$EXIT                       
000043ff  ResetISR                      
20002ee0  __STACK_END                   
00002ee0  __STACK_SIZE                  
20000200  __STACK_TOP                   
000044f0  __TI_CINIT_Base               
00004500  __TI_CINIT_Limit              
000044d8  __TI_Handler_Table_Base       
000044e4  __TI_Handler_Table_Limit      
00004339  __TI_auto_init_nobinit_nopinit
000042cf  __TI_decompress_lzss          
000043f1  __TI_decompress_none          
ffffffff  __TI_pprof_out_hndl           
ffffffff  __TI_prof_data_size           
ffffffff  __TI_prof_data_start          
00000000  __TI_static_base__            
000043d5  __TI_zero_init_nomemset       
00004255  __aeabi_memclr                
00004255  __aeabi_memclr4               
00004255  __aeabi_memclr8               
00004135  __aeabi_memcpy                
00004135  __aeabi_memcpy4               
00004135  __aeabi_memcpy8               
00004257  __aeabi_memset                
00004257  __aeabi_memset4               
00004257  __aeabi_memset8               
ffffffff  __binit__                     
ffffffff  __c_args__                    
UNDEFED   __mpu_init                    
20000000  __stack                       
20000000  __start___llvm_prf_cnts       
20000000  __stop___llvm_prf_cnts        
0000437d  _c_int00_noargs               
UNDEFED   _system_post_cinit            
0000440b  _system_pre_init              
0000440f  abort                         
20002f50  ack_num                       
00003db7  atoi                          
ffffffff  binit                         
000044a4  broadcast_mac                 
00002693  clear_command_recv            
20002f54  command_pending               
0000269b  copy_command                  
00001691  dhcpSendMessage               
00001b65  dhcpStoreVars                 
0000397d  disablePinInterrupt           
000036b5  disablePinPulldown            
0000366d  disablePinPullup              
00003409  disablePort                   
0000298d  displayConnectionInfo         
00003959  enablePinInterrupt            
00003691  enablePinPulldown             
0000363f  enablePinPullup               
0000334d  enablePort                    
00000939  etherCalcIpChecksum           
0000032b  etherClearReg                 
00000283  etherCsOff                    
0000026d  etherCsOn                     
00001377  etherDisableDhcpMode          
00001339  etherEnableDhcpMode           
0000131f  etherGetId                    
0000142d  etherGetIpAddress             
00001511  etherGetIpDnsServer           
00001583  etherGetIpGatewayAddress      
0000149f  etherGetIpSubnetMask          
000015ff  etherGetMacAddress            
000006a5  etherGetPacket                
0000112b  etherGetUdpData               
0000132b  etherIncId                    
00000477  etherInit                     
00000bd1  etherIsArpRequest             
00000c79  etherIsArpResponse            
0000065b  etherIsDataAvailable          
00001095  etherIsDhcp                   
000013b5  etherIsDhcpEnabled            
00000995  etherIsIp                     
00000a09  etherIsIpUnicast              
000013cf  etherIsIpValid                
00000641  etherIsLinkUp                 
00000675  etherIsOverflow               
00000a71  etherIsPingRequest            
00001e51  etherIsTcp                    
00000ff1  etherIsUdp                    
00000791  etherPutPacket                
0000045f  etherReadMem                  
0000044d  etherReadMemStart             
0000046f  etherReadMemStop              
000003b3  etherReadPhy                  
000002c5  etherReadReg                  
00000edf  etherSendArpRequest           
00000d25  etherSendArpResponse          
00000dff  etherSendGratuitousArpResponse
00000ab9  etherSendPingResponse         
00001159  etherSendUdpResponse          
0000035f  etherSetBank                  
000013f5  etherSetIpAddress             
000014d9  etherSetIpDnsServer           
0000154b  etherSetIpGatewayAddress      
00001467  etherSetIpSubnetMask          
000015bd  etherSetMacAddress            
000002f7  etherSetReg                   
00000873  etherSumWords                 
00000431  etherWriteMem                 
0000041f  etherWriteMemStart            
00000445  etherWriteMemStop             
0000037b  etherWritePhy                 
00000291  etherWriteReg                 
00000000  g_pfnVectors                  
000010fb  getDhcpMsgNumber              
000008ed  getEtherChecksum              
00001e45  getLeaseTime                  
000039c7  getPinValue                   
00001ea9  getPortNum                    
00003a7d  getPortValue                  
00001eb7  get_siaddr                    
00001ef1  get_tcp_flags                 
00003f61  getcUart0                     
00002883  getsUart0                     
00003b0d  htoa                          
00001ef7  htonl                         
00000971  htons                         
000041d1  initEeprom                    
000026e1  initHw                        
00003fd5  initSpi0                      
00003e59  initUart0                     
20002f5b  ipAddress                     
20002f5f  ipDnsServer                   
20002f63  ipGwAddress                   
20002f67  ipSubnetMask                  
20002f3d  ip_tcp                        
20002f3c  ip_udp                        
00002815  isCommand                     
0000271b  is_alphanumeric               
00003be5  itoa                          
00003f75  kbhitUart0                    
20002f30  lease_time                    
20002f55  macAddress                    
00002ae7  main                          
00001af9  matchesXid                    
00004135  memcpy                        
0000425d  memset                        
20002f3e  nextPacketLsb                 
20002f3f  nextPacketMsb                 
20002ee0  no_payload                    
20002f4a  port_num                      
00002937  putIpUart0                    
00002a61  putMenu                       
00003f19  putcUart0                     
00003f35  putsUart0                     
00004219  readEeprom                    
0000410d  readSpi0Data                  
00003573  selectPinAnalogInput          
00003525  selectPinDigitalInput         
0000388f  selectPinInterruptBothEdges   
0000383f  selectPinInterruptFallingEdge 
000038e5  selectPinInterruptHighLevel   
0000391f  selectPinInterruptLowLevel    
000037ef  selectPinInterruptRisingEdge  
000034d7  selectPinOpenDrainOutput      
00003489  selectPinPushPullOutput       
00001f25  sendTcpMsg                    
20002f4c  seq_num                       
20002f40  sequenceId                    
000036dd  setPinAuxFunction             
000035c3  setPinCommitControl           
000039a1  setPinValue                   
000039f9  setPortValue                  
00004071  setSpi0BaudRate               
000040a7  setSpi0Mode                   
00003eed  setUart0BaudRate              
20002f48  si_yi_clear                   
20002f6b  siaddr                        
00003d3d  strcmp                        
00003ccf  strcpy                        
00003d15  strlen                        
20002f34  sum                           
20002f38  tcp_flags                     
20002ee0  telnet_command                
0000268d  telnet_command_recv           
00002741  tokenize_string               
20002f44  transaction_id                
000043b1  waitMicrosecond               
000026a9  will_wont                     
000041e7  writeEeprom                   
000040f5  writeSpi0Data                 
20002f6f  yiaddr                        


GLOBAL SYMBOLS: SORTED BY Symbol Address 

address   name                          
-------   ----                          
00000000  __TI_static_base__            
00000000  g_pfnVectors                  
0000026d  etherCsOn                     
00000283  etherCsOff                    
00000291  etherWriteReg                 
000002c5  etherReadReg                  
000002f7  etherSetReg                   
0000032b  etherClearReg                 
0000035f  etherSetBank                  
0000037b  etherWritePhy                 
000003b3  etherReadPhy                  
0000041f  etherWriteMemStart            
00000431  etherWriteMem                 
00000445  etherWriteMemStop             
0000044d  etherReadMemStart             
0000045f  etherReadMem                  
0000046f  etherReadMemStop              
00000477  etherInit                     
00000641  etherIsLinkUp                 
0000065b  etherIsDataAvailable          
00000675  etherIsOverflow               
000006a5  etherGetPacket                
00000791  etherPutPacket                
00000873  etherSumWords                 
000008ed  getEtherChecksum              
00000939  etherCalcIpChecksum           
00000971  htons                         
00000995  etherIsIp                     
00000a09  etherIsIpUnicast              
00000a71  etherIsPingRequest            
00000ab9  etherSendPingResponse         
00000bd1  etherIsArpRequest             
00000c79  etherIsArpResponse            
00000d25  etherSendArpResponse          
00000dff  etherSendGratuitousArpResponse
00000edf  etherSendArpRequest           
00000ff1  etherIsUdp                    
00001095  etherIsDhcp                   
000010fb  getDhcpMsgNumber              
0000112b  etherGetUdpData               
00001159  etherSendUdpResponse          
0000131f  etherGetId                    
0000132b  etherIncId                    
00001339  etherEnableDhcpMode           
00001377  etherDisableDhcpMode          
000013b5  etherIsDhcpEnabled            
000013cf  etherIsIpValid                
000013f5  etherSetIpAddress             
0000142d  etherGetIpAddress             
00001467  etherSetIpSubnetMask          
0000149f  etherGetIpSubnetMask          
000014d9  etherSetIpDnsServer           
00001511  etherGetIpDnsServer           
0000154b  etherSetIpGatewayAddress      
00001583  etherGetIpGatewayAddress      
000015bd  etherSetMacAddress            
000015ff  etherGetMacAddress            
00001691  dhcpSendMessage               
00001af9  matchesXid                    
00001b65  dhcpStoreVars                 
00001e45  getLeaseTime                  
00001e51  etherIsTcp                    
00001ea9  getPortNum                    
00001eb7  get_siaddr                    
00001ef1  get_tcp_flags                 
00001ef7  htonl                         
00001f25  sendTcpMsg                    
0000268d  telnet_command_recv           
00002693  clear_command_recv            
0000269b  copy_command                  
000026a9  will_wont                     
000026e1  initHw                        
0000271b  is_alphanumeric               
00002741  tokenize_string               
00002815  isCommand                     
00002883  getsUart0                     
00002937  putIpUart0                    
0000298d  displayConnectionInfo         
00002a61  putMenu                       
00002ae7  main                          
00002ee0  __STACK_SIZE                  
0000334d  enablePort                    
00003409  disablePort                   
00003489  selectPinPushPullOutput       
000034d7  selectPinOpenDrainOutput      
00003525  selectPinDigitalInput         
00003573  selectPinAnalogInput          
000035c3  setPinCommitControl           
0000363f  enablePinPullup               
0000366d  disablePinPullup              
00003691  enablePinPulldown             
000036b5  disablePinPulldown            
000036dd  setPinAuxFunction             
000037ef  selectPinInterruptRisingEdge  
0000383f  selectPinInterruptFallingEdge 
0000388f  selectPinInterruptBothEdges   
000038e5  selectPinInterruptHighLevel   
0000391f  selectPinInterruptLowLevel    
00003959  enablePinInterrupt            
0000397d  disablePinInterrupt           
000039a1  setPinValue                   
000039c7  getPinValue                   
000039f9  setPortValue                  
00003a7d  getPortValue                  
00003b0d  htoa                          
00003be5  itoa                          
00003ccf  strcpy                        
00003d15  strlen                        
00003d3d  strcmp                        
00003db7  atoi                          
00003e59  initUart0                     
00003eed  setUart0BaudRate              
00003f19  putcUart0                     
00003f35  putsUart0                     
00003f61  getcUart0                     
00003f75  kbhitUart0                    
00003fd5  initSpi0                      
00004071  setSpi0BaudRate               
000040a7  setSpi0Mode                   
000040f5  writeSpi0Data                 
0000410d  readSpi0Data                  
00004135  __aeabi_memcpy                
00004135  __aeabi_memcpy4               
00004135  __aeabi_memcpy8               
00004135  memcpy                        
000041d1  initEeprom                    
000041e7  writeEeprom                   
00004219  readEeprom                    
00004255  __aeabi_memclr                
00004255  __aeabi_memclr4               
00004255  __aeabi_memclr8               
00004257  __aeabi_memset                
00004257  __aeabi_memset4               
00004257  __aeabi_memset8               
0000425d  memset                        
000042cf  __TI_decompress_lzss          
00004339  __TI_auto_init_nobinit_nopinit
0000437d  _c_int00_noargs               
000043b1  waitMicrosecond               
000043d5  __TI_zero_init_nomemset       
000043f1  __TI_decompress_none          
000043ff  ResetISR                      
0000440b  _system_pre_init              
0000440f  C$$EXIT                       
0000440f  abort                         
000044a4  broadcast_mac                 
000044d8  __TI_Handler_Table_Base       
000044e4  __TI_Handler_Table_Limit      
000044f0  __TI_CINIT_Base               
00004500  __TI_CINIT_Limit              
20000000  __stack                       
20000000  __start___llvm_prf_cnts       
20000000  __stop___llvm_prf_cnts        
20000200  __STACK_TOP                   
20002ee0  __STACK_END                   
20002ee0  no_payload                    
20002ee0  telnet_command                
20002f30  lease_time                    
20002f34  sum                           
20002f38  tcp_flags                     
20002f3c  ip_udp                        
20002f3d  ip_tcp                        
20002f3e  nextPacketLsb                 
20002f3f  nextPacketMsb                 
20002f40  sequenceId                    
20002f44  transaction_id                
20002f48  si_yi_clear                   
20002f4a  port_num                      
20002f4c  seq_num                       
20002f50  ack_num                       
20002f54  command_pending               
20002f55  macAddress                    
20002f5b  ipAddress                     
20002f5f  ipDnsServer                   
20002f63  ipGwAddress                   
20002f67  ipSubnetMask                  
20002f6b  siaddr                        
20002f6f  yiaddr                        
ffffffff  __TI_pprof_out_hndl           
ffffffff  __TI_prof_data_size           
ffffffff  __TI_prof_data_start          
ffffffff  __binit__                     
ffffffff  __c_args__                    
ffffffff  binit                         
UNDEFED   __mpu_init                    
UNDEFED   _system_post_cinit            

[186 symbols]
