******************************************************************************
                  TI ARM Linker Unix v20.2.0                   
******************************************************************************
>> Linked Tue Apr 21 18:25:04 2020

OUTPUT FILE NAME:   <ethernet.out>
ENTRY POINT SYMBOL: "_c_int00_noargs"  address: 000043ed


MEMORY CONFIGURATION

         name            origin    length      used     unused   attr    fill
----------------------  --------  ---------  --------  --------  ----  --------
  FLASH                 00000000   00040000  0000456a  0003ba96  R  X
  SRAM                  20000000   00008000  00002f71  0000508f  RW X


SEGMENT ALLOCATION MAP

run origin  load origin   length   init length attrs members
----------  ----------- ---------- ----------- ----- -------
00000000    00000000    00004570   00004570    r-x
  00000000    00000000    0000026c   0000026c    r-- .intvecs
  0000026c    0000026c    00004216   00004216    r-x .text
  00004482    00004482    00000098   00000098    r-- .const
  00004520    00004520    00000050   00000050    r-- .cinit
20000000    20000000    00002f74   00000000    rw-
  20000000    20000000    00002ee0   00000000    rw- .stack
  20002ee0    20002ee0    00000059   00000000    rw- .bss
  20002f3c    20002f3c    00000038   00000000    rw- .data


SECTION ALLOCATION MAP

 output                                  attributes/
section   page    origin      length       input sections
--------  ----  ----------  ----------   ----------------
.intvecs   0    00000000    0000026c     
                  00000000    0000026c     tm4c123gh6pm_startup_ccs.obj (.intvecs)

.text      0    0000026c    00004216     
                  0000026c    000024c0     eth0.obj (.text)
                  0000272c    00000c90     ethernet.obj (.text)
                  000033bc    000007c0     gpio.obj (.text)
                  00003b7c    0000034a     str.obj (.text)
                  00003ec6    00000002     --HOLE-- [fill = 0]
                  00003ec8    0000017c     uart0.obj (.text)
                  00004044    00000160     spi0.obj (.text)
                  000041a4    0000009c     rtsv7M4_T_le_v4SPD16_eabi.lib : memcpy_t2.asm.obj (.text)
                  00004240    00000084     eeprom.obj (.text)
                  000042c4    0000007a     rtsv7M4_T_le_v4SPD16_eabi.lib : memset_t2.asm.obj (.text)
                  0000433e    00000068                                   : copy_decompress_lzss.c.obj (.text:decompress:lzss:__TI_decompress_lzss)
                  000043a6    00000002     --HOLE-- [fill = 0]
                  000043a8    00000044                                   : autoinit.c.obj (.text:__TI_auto_init_nobinit_nopinit:__TI_auto_init_nobinit_nopinit)
                  000043ec    00000034                                   : boot_cortex_m.c.obj (.text:_c_int00_noargs:_c_int00_noargs)
                  00004420    00000024     wait.obj (.text)
                  00004444    0000001c     rtsv7M4_T_le_v4SPD16_eabi.lib : copy_zero_init.c.obj (.text:decompress:ZI:__TI_zero_init_nomemset:__TI_zero_init_nomemset)
                  00004460    0000000e                                   : copy_decompress_none.c.obj (.text:decompress:none:__TI_decompress_none)
                  0000446e    0000000c     tm4c123gh6pm_startup_ccs.obj (.text)
                  0000447a    00000004     rtsv7M4_T_le_v4SPD16_eabi.lib : pre_init.c.obj (.text:_system_pre_init)
                  0000447e    00000004                                   : exit.c.obj (.text:abort:abort)

.const     0    00004482    00000098     
                  00004482    00000080     ethernet.obj (.const:.string:$P$T0$1)
                  00004502    00000012     ethernet.obj (.const:.string:$P$T1$2)
                  00004514    00000006     eth0.obj (.const:.string:broadcast_mac)

.cinit     0    00004520    00000050     
                  00004520    00000026     (.cinit..data.load) [load image, compression = lzss]
                  00004546    00000002     --HOLE-- [fill = 0]
                  00004548    0000000c     (__TI_handler_table)
                  00004554    00000004     --HOLE-- [fill = 0]
                  00004558    00000008     (.cinit..bss.load) [load image, compression = zero_init]
                  00004560    00000010     (__TI_cinit_table)

.init_array 
*          0    00000000    00000000     UNINITIALIZED

.bss       0    20002ee0    00000059     UNINITIALIZED
                  20002ee0    00000050     (.common:telnet_command)
                  20002f30    00000004     (.common:lease_time)
                  20002f34    00000004     (.common:sum)
                  20002f38    00000001     (.common:tcp_flags)

.data      0    20002f3c    00000038     UNINITIALIZED
                  20002f3c    0000001a     eth0.obj (.data)
                  20002f56    00000006     eth0.obj (.data:macAddress)
                  20002f5c    00000004     eth0.obj (.data:ipAddress)
                  20002f60    00000004     eth0.obj (.data:ipDnsServer)
                  20002f64    00000004     eth0.obj (.data:ipGwAddress)
                  20002f68    00000004     eth0.obj (.data:ipSubnetMask)
                  20002f6c    00000004     eth0.obj (.data:siaddr)
                  20002f70    00000004     eth0.obj (.data:yiaddr)

.stack     0    20000000    00002ee0     UNINITIALIZED
                  20000000    00000004     rtsv7M4_T_le_v4SPD16_eabi.lib : boot_cortex_m.c.obj (.stack)
                  20000004    00002edc     --HOLE--

__llvm_prf_cnts 
*          0    20000000    00000000     UNINITIALIZED

MODULE SUMMARY

       Module                         code    ro data   rw data
       ------                         ----    -------   -------
    ./
       eth0.obj                       9408    6         145    
       ethernet.obj                   3216    146       0      
       gpio.obj                       1984    0         0      
       str.obj                        842     0         0      
       tm4c123gh6pm_startup_ccs.obj   12      620       0      
       uart0.obj                      380     0         0      
       spi0.obj                       352     0         0      
       eeprom.obj                     132     0         0      
       wait.obj                       36      0         0      
    +--+------------------------------+-------+---------+---------+
       Total:                         16362   772       145    
                                                               
    /Applications/ti/ccs1000/ccs/tools/compiler/ti-cgt-arm_20.2.0.LTS/lib/rtsv7M4_T_le_v4SPD16_eabi.lib
       memcpy_t2.asm.obj              156     0         0      
       memset_t2.asm.obj              122     0         0      
       copy_decompress_lzss.c.obj     104     0         0      
       autoinit.c.obj                 68      0         0      
       boot_cortex_m.c.obj            52      0         0      
       copy_zero_init.c.obj           28      0         0      
       copy_decompress_none.c.obj     14      0         0      
       exit.c.obj                     4       0         0      
       pre_init.c.obj                 4       0         0      
    +--+------------------------------+-------+---------+---------+
       Total:                         552     0         0      
                                                               
       Stack:                         0       0         12000  
       Linker Generated:              0       74        0      
    +--+------------------------------+-------+---------+---------+
       Grand Total:                   16914   846       12145  


LINKER GENERATED COPY TABLES

__TI_cinit_table @ 00004560 records: 2, size/record: 8, table size: 16
	.data: load addr=00004520, load size=00000026 bytes, run addr=20002f3c, run size=00000038 bytes, compression=lzss
	.bss: load addr=00004558, load size=00000008 bytes, run addr=20002ee0, run size=00000059 bytes, compression=zero_init


LINKER GENERATED HANDLER TABLE

__TI_handler_table @ 00004548 records: 3, size/record: 4, table size: 12
	index: 0, handler: __TI_decompress_lzss
	index: 1, handler: __TI_decompress_none
	index: 2, handler: __TI_zero_init


GLOBAL SYMBOLS: SORTED ALPHABETICALLY BY Name 

address   name                          
-------   ----                          
0000447f  C$$EXIT                       
0000446f  ResetISR                      
20002ee0  __STACK_END                   
00002ee0  __STACK_SIZE                  
20000200  __STACK_TOP                   
00004560  __TI_CINIT_Base               
00004570  __TI_CINIT_Limit              
00004548  __TI_Handler_Table_Base       
00004554  __TI_Handler_Table_Limit      
000043a9  __TI_auto_init_nobinit_nopinit
0000433f  __TI_decompress_lzss          
00004461  __TI_decompress_none          
ffffffff  __TI_pprof_out_hndl           
ffffffff  __TI_prof_data_size           
ffffffff  __TI_prof_data_start          
00000000  __TI_static_base__            
00004445  __TI_zero_init_nomemset       
000042c5  __aeabi_memclr                
000042c5  __aeabi_memclr4               
000042c5  __aeabi_memclr8               
000041a5  __aeabi_memcpy                
000041a5  __aeabi_memcpy4               
000041a5  __aeabi_memcpy8               
000042c7  __aeabi_memset                
000042c7  __aeabi_memset4               
000042c7  __aeabi_memset8               
ffffffff  __binit__                     
ffffffff  __c_args__                    
UNDEFED   __mpu_init                    
20000000  __stack                       
20000000  __start___llvm_prf_cnts       
20000000  __stop___llvm_prf_cnts        
000043ed  _c_int00_noargs               
UNDEFED   _system_post_cinit            
0000447b  _system_pre_init              
0000447f  abort                         
20002f50  ack_num                       
00003e27  atoi                          
ffffffff  binit                         
00004514  broadcast_mac                 
000026db  clear_command_recv            
20002f55  command_iterator              
20002f54  command_pending               
000026e3  copy_command                  
00001691  dhcpSendMessage               
00001b65  dhcpStoreVars                 
000039ed  disablePinInterrupt           
00003725  disablePinPulldown            
000036dd  disablePinPullup              
00003479  disablePort                   
000029d9  displayConnectionInfo         
000039c9  enablePinInterrupt            
00003701  enablePinPulldown             
000036af  enablePinPullup               
000033bd  enablePort                    
00000939  etherCalcIpChecksum           
0000032b  etherClearReg                 
00000283  etherCsOff                    
0000026d  etherCsOn                     
00001377  etherDisableDhcpMode          
00001339  etherEnableDhcpMode           
0000131f  etherGetId                    
0000142d  etherGetIpAddress             
00001511  etherGetIpDnsServer           
00001583  etherGetIpGatewayAddress      
0000149f  etherGetIpSubnetMask          
000015ff  etherGetMacAddress            
000006a5  etherGetPacket                
0000112b  etherGetUdpData               
0000132b  etherIncId                    
00000477  etherInit                     
00000bd1  etherIsArpRequest             
00000c79  etherIsArpResponse            
0000065b  etherIsDataAvailable          
00001095  etherIsDhcp                   
000013b5  etherIsDhcpEnabled            
00000995  etherIsIp                     
00000a09  etherIsIpUnicast              
000013cf  etherIsIpValid                
00000641  etherIsLinkUp                 
00000675  etherIsOverflow               
00000a71  etherIsPingRequest            
00001e51  etherIsTcp                    
00000ff1  etherIsUdp                    
00000791  etherPutPacket                
0000045f  etherReadMem                  
0000044d  etherReadMemStart             
0000046f  etherReadMemStop              
000003b3  etherReadPhy                  
000002c5  etherReadReg                  
00000edf  etherSendArpRequest           
00000d25  etherSendArpResponse          
00000dff  etherSendGratuitousArpResponse
00000ab9  etherSendPingResponse         
00001159  etherSendUdpResponse          
0000035f  etherSetBank                  
000013f5  etherSetIpAddress             
000014d9  etherSetIpDnsServer           
0000154b  etherSetIpGatewayAddress      
00001467  etherSetIpSubnetMask          
000015bd  etherSetMacAddress            
000002f7  etherSetReg                   
00000873  etherSumWords                 
00000431  etherWriteMem                 
0000041f  etherWriteMemStart            
00000445  etherWriteMemStop             
0000037b  etherWritePhy                 
00000291  etherWriteReg                 
00000000  g_pfnVectors                  
000010fb  getDhcpMsgNumber              
000008ed  getEtherChecksum              
00001e45  getLeaseTime                  
00003a37  getPinValue                   
00003aed  getPortValue                  
00001ea9  get_siaddr                    
00001ee3  get_tcp_flags                 
00003fd1  getcUart0                     
000028cf  getsUart0                     
00003b7d  htoa                          
00001ee9  htonl                         
00000971  htons                         
00004241  initEeprom                    
0000272d  initHw                        
00004045  initSpi0                      
00003ec9  initUart0                     
20002f5c  ipAddress                     
20002f60  ipDnsServer                   
20002f64  ipGwAddress                   
20002f68  ipSubnetMask                  
20002f3d  ip_tcp                        
20002f3c  ip_udp                        
00002861  isCommand                     
00002767  is_alphanumeric               
00003c55  itoa                          
00003fe5  kbhitUart0                    
20002f30  lease_time                    
20002f56  macAddress                    
00002b33  main                          
00001af9  matchesXid                    
000041a5  memcpy                        
000042cd  memset                        
20002f3e  nextPacketLsb                 
20002f3f  nextPacketMsb                 
20002ee0  no_payload                    
00002983  putIpUart0                    
00002aad  putMenu                       
00003f89  putcUart0                     
00003fa5  putsUart0                     
00004289  readEeprom                    
0000417d  readSpi0Data                  
000035e3  selectPinAnalogInput          
00003595  selectPinDigitalInput         
000038ff  selectPinInterruptBothEdges   
000038af  selectPinInterruptFallingEdge 
00003955  selectPinInterruptHighLevel   
0000398f  selectPinInterruptLowLevel    
0000385f  selectPinInterruptRisingEdge  
00003547  selectPinOpenDrainOutput      
000034f9  selectPinPushPullOutput       
00001f11  sendTcpMsg                    
20002f4c  seq_num                       
20002f40  sequenceId                    
0000374d  setPinAuxFunction             
00003633  setPinCommitControl           
00003a11  setPinValue                   
00003a69  setPortValue                  
000040e1  setSpi0BaudRate               
00004117  setSpi0Mode                   
00003f5d  setUart0BaudRate              
20002f48  si_yi_clear                   
20002f6c  siaddr                        
00003dad  strcmp                        
00003d3f  strcpy                        
00003d85  strlen                        
20002f34  sum                           
20002f38  tcp_flags                     
20002ee0  telnet_command                
000026d5  telnet_command_recv           
0000278d  tokenize_string               
20002f44  transaction_id                
00004421  waitMicrosecond               
000026f3  will_wont                     
00004257  writeEeprom                   
00004165  writeSpi0Data                 
20002f70  yiaddr                        


GLOBAL SYMBOLS: SORTED BY Symbol Address 

address   name                          
-------   ----                          
00000000  __TI_static_base__            
00000000  g_pfnVectors                  
0000026d  etherCsOn                     
00000283  etherCsOff                    
00000291  etherWriteReg                 
000002c5  etherReadReg                  
000002f7  etherSetReg                   
0000032b  etherClearReg                 
0000035f  etherSetBank                  
0000037b  etherWritePhy                 
000003b3  etherReadPhy                  
0000041f  etherWriteMemStart            
00000431  etherWriteMem                 
00000445  etherWriteMemStop             
0000044d  etherReadMemStart             
0000045f  etherReadMem                  
0000046f  etherReadMemStop              
00000477  etherInit                     
00000641  etherIsLinkUp                 
0000065b  etherIsDataAvailable          
00000675  etherIsOverflow               
000006a5  etherGetPacket                
00000791  etherPutPacket                
00000873  etherSumWords                 
000008ed  getEtherChecksum              
00000939  etherCalcIpChecksum           
00000971  htons                         
00000995  etherIsIp                     
00000a09  etherIsIpUnicast              
00000a71  etherIsPingRequest            
00000ab9  etherSendPingResponse         
00000bd1  etherIsArpRequest             
00000c79  etherIsArpResponse            
00000d25  etherSendArpResponse          
00000dff  etherSendGratuitousArpResponse
00000edf  etherSendArpRequest           
00000ff1  etherIsUdp                    
00001095  etherIsDhcp                   
000010fb  getDhcpMsgNumber              
0000112b  etherGetUdpData               
00001159  etherSendUdpResponse          
0000131f  etherGetId                    
0000132b  etherIncId                    
00001339  etherEnableDhcpMode           
00001377  etherDisableDhcpMode          
000013b5  etherIsDhcpEnabled            
000013cf  etherIsIpValid                
000013f5  etherSetIpAddress             
0000142d  etherGetIpAddress             
00001467  etherSetIpSubnetMask          
0000149f  etherGetIpSubnetMask          
000014d9  etherSetIpDnsServer           
00001511  etherGetIpDnsServer           
0000154b  etherSetIpGatewayAddress      
00001583  etherGetIpGatewayAddress      
000015bd  etherSetMacAddress            
000015ff  etherGetMacAddress            
00001691  dhcpSendMessage               
00001af9  matchesXid                    
00001b65  dhcpStoreVars                 
00001e45  getLeaseTime                  
00001e51  etherIsTcp                    
00001ea9  get_siaddr                    
00001ee3  get_tcp_flags                 
00001ee9  htonl                         
00001f11  sendTcpMsg                    
000026d5  telnet_command_recv           
000026db  clear_command_recv            
000026e3  copy_command                  
000026f3  will_wont                     
0000272d  initHw                        
00002767  is_alphanumeric               
0000278d  tokenize_string               
00002861  isCommand                     
000028cf  getsUart0                     
00002983  putIpUart0                    
000029d9  displayConnectionInfo         
00002aad  putMenu                       
00002b33  main                          
00002ee0  __STACK_SIZE                  
000033bd  enablePort                    
00003479  disablePort                   
000034f9  selectPinPushPullOutput       
00003547  selectPinOpenDrainOutput      
00003595  selectPinDigitalInput         
000035e3  selectPinAnalogInput          
00003633  setPinCommitControl           
000036af  enablePinPullup               
000036dd  disablePinPullup              
00003701  enablePinPulldown             
00003725  disablePinPulldown            
0000374d  setPinAuxFunction             
0000385f  selectPinInterruptRisingEdge  
000038af  selectPinInterruptFallingEdge 
000038ff  selectPinInterruptBothEdges   
00003955  selectPinInterruptHighLevel   
0000398f  selectPinInterruptLowLevel    
000039c9  enablePinInterrupt            
000039ed  disablePinInterrupt           
00003a11  setPinValue                   
00003a37  getPinValue                   
00003a69  setPortValue                  
00003aed  getPortValue                  
00003b7d  htoa                          
00003c55  itoa                          
00003d3f  strcpy                        
00003d85  strlen                        
00003dad  strcmp                        
00003e27  atoi                          
00003ec9  initUart0                     
00003f5d  setUart0BaudRate              
00003f89  putcUart0                     
00003fa5  putsUart0                     
00003fd1  getcUart0                     
00003fe5  kbhitUart0                    
00004045  initSpi0                      
000040e1  setSpi0BaudRate               
00004117  setSpi0Mode                   
00004165  writeSpi0Data                 
0000417d  readSpi0Data                  
000041a5  __aeabi_memcpy                
000041a5  __aeabi_memcpy4               
000041a5  __aeabi_memcpy8               
000041a5  memcpy                        
00004241  initEeprom                    
00004257  writeEeprom                   
00004289  readEeprom                    
000042c5  __aeabi_memclr                
000042c5  __aeabi_memclr4               
000042c5  __aeabi_memclr8               
000042c7  __aeabi_memset                
000042c7  __aeabi_memset4               
000042c7  __aeabi_memset8               
000042cd  memset                        
0000433f  __TI_decompress_lzss          
000043a9  __TI_auto_init_nobinit_nopinit
000043ed  _c_int00_noargs               
00004421  waitMicrosecond               
00004445  __TI_zero_init_nomemset       
00004461  __TI_decompress_none          
0000446f  ResetISR                      
0000447b  _system_pre_init              
0000447f  C$$EXIT                       
0000447f  abort                         
00004514  broadcast_mac                 
00004548  __TI_Handler_Table_Base       
00004554  __TI_Handler_Table_Limit      
00004560  __TI_CINIT_Base               
00004570  __TI_CINIT_Limit              
20000000  __stack                       
20000000  __start___llvm_prf_cnts       
20000000  __stop___llvm_prf_cnts        
20000200  __STACK_TOP                   
20002ee0  __STACK_END                   
20002ee0  no_payload                    
20002ee0  telnet_command                
20002f30  lease_time                    
20002f34  sum                           
20002f38  tcp_flags                     
20002f3c  ip_udp                        
20002f3d  ip_tcp                        
20002f3e  nextPacketLsb                 
20002f3f  nextPacketMsb                 
20002f40  sequenceId                    
20002f44  transaction_id                
20002f48  si_yi_clear                   
20002f4c  seq_num                       
20002f50  ack_num                       
20002f54  command_pending               
20002f55  command_iterator              
20002f56  macAddress                    
20002f5c  ipAddress                     
20002f60  ipDnsServer                   
20002f64  ipGwAddress                   
20002f68  ipSubnetMask                  
20002f6c  siaddr                        
20002f70  yiaddr                        
ffffffff  __TI_pprof_out_hndl           
ffffffff  __TI_prof_data_size           
ffffffff  __TI_prof_data_start          
ffffffff  __binit__                     
ffffffff  __c_args__                    
ffffffff  binit                         
UNDEFED   __mpu_init                    
UNDEFED   _system_post_cinit            

[185 symbols]
